2026-09-13T17:21:13.535+0530 INFO (sink-sql) reading substreams manifest {"manifest_path": "packages/erc4626-flows/erc4626-flows-v0.1.1.spkg"}
2026-09-13T17:21:13.550+0530 INFO (sink-sql) finding output module {"module_name": "map_events"}
2026-09-13T17:21:13.550+0530 INFO (sink-sql) validating output module type {"module_name": "map_events", "module_type": "proto:vaultflows.v1.Events"}
2026-09-13T17:21:13.573+0530 INFO (sink-sql) reading substreams manifest {"manifest_path": "packages/erc4626-flows/erc4626-flows-v0.1.1.spkg"}
2026-09-13T17:21:13.576+0530 INFO (sink-sql) finding output module {"module_name": "map_events"}
2026-09-13T17:21:13.576+0530 INFO (sink-sql) validating output module type {"module_name": "map_events", "module_type": "proto:vaultflows.v1.Events"}
2026-09-13T17:21:13.579+0530 INFO (sink-sql) sinker from CLI {"endpoint": "base-mainnet.streamingfast.io:443", "manifest_path": "packages/erc4626-flows/erc4626-flows-v0.1.1.spkg", "params": [], "network": "base", "output_module_name": "map_events", "expected_module_type": "vaultflows.v1.Events", "start_block": 51001200, "stop_block": 0, "start_block_empty": false, "development_mode": false, "noop_mode": false, "max_retries": 3, "final_blocks_only": true, "skip_package_validation": false, "live_block_time_delta": "0s", "undo_buffer_size": 0, "extra_headers": []}
2026-09-13T17:21:13.779+0530 INFO (sink-sql) sinker configured {"mode": "Production", "module_count": 7, "output_module_name": "map_events", "output_module_type": "proto:vaultflows.v1.Events", "output_module_hash": "22c9d75e3161308ee9690d9fa1012eca10ac6ef3", "client_config": "base-mainnet.streamingfast.io:443 (insecure: false, plaintext: false, JWT present: true)", "buffer": "None", "start_block": 51001200, "stop_block": 0, "max_retries": 3, "final_blocks_only": true, "liveness_checker": true}
2026-09-13T17:21:13.779+0530 INFO (sink-sql) creating schema {"name": "vaultflows_rec", "root_message_descriptor": "Events", "with_proto_option": true}
2026-09-13T17:21:13.779+0530 INFO (sink-sql) initializing schema {"name": "vaultflows_rec", "root_message_descriptor": "Events"}
2026-09-13T17:21:13.780+0530 WARN (sink-sql) schema hash file does not exist {"file_path": "<recording-dir>/runs/20260913T114823Z-nyom/sinkinfo/vaultflows_rec_schema_hash.txt"}
2026-09-13T17:21:13.780+0530 INFO (sink-sql) sink info read {"sink_info": null}
2026-09-13T17:21:13.896+0530 INFO (sink-sql) creating database {"schema_name": "vaultflows_rec"}
2026-09-13T17:21:13.949+0530 INFO (sink-sql) database created {"schema_name": "vaultflows_rec"}
2026-09-13T17:21:14.148+0530 INFO (sink-sql) block table created {"schema_name": "vaultflows_rec"}
2026-09-13T17:21:14.287+0530 INFO (sink-sql) table created {"table_name": "CREATE TABLE IF NOT EXISTS vaultflows_rec.vault_flows ( _block_number_ UInt64 NOT NULL, _block_timestamp_ timestamp NOT NULL, _version_ Int64 NOT NULL, _deleted_ bool NOT NULL,id VARCHAR,chain_id UInt32,block_number UInt64,block_hash VARCHAR,block_timestamp UInt64,tx_hash VARCHAR,log_index UInt32,vault VARCHAR,caller VARCHAR,owner VARCHAR,receiver VARCHAR,direction VARCHAR,assets_raw UInt256,shares_raw UInt256,assets_normalized Decimal128(18),shares_normalized Decimal128(18),asset_decimals UInt32,share_decimals UInt32,execution_rate Decimal128(18),meta_valid Bool,call_ok Bool,call_error VARCHAR ) ENGINE = ReplacingMergeTree(_version_, _deleted_) PRIMARY KEY (id) PARTITION BY (toYYYYMM(_block_timestamp_)) ORDER BY (id, vault, block_number) SETTINGS\n allow_experimental_replacing_merge_with_cleanup = 1;", "schema_name": "vaultflows_rec"}
2026-09-13T17:21:14.396+0530 INFO (sink-sql) table created {"table_name": "CREATE TABLE IF NOT EXISTS vaultflows_rec.share_value_observations ( _block_number_ UInt64 NOT NULL, _block_timestamp_ timestamp NOT NULL, _version_ Int64 NOT NULL, _deleted_ bool NOT NULL,id VARCHAR,chain_id UInt32,block_number UInt64,block_hash VARCHAR,block_timestamp UInt64,vault VARCHAR,sample_interval_blocks UInt32,assets_per_share_raw UInt256,assets_per_share_normalized Decimal128(18),total_assets_raw UInt256,total_supply_raw UInt256,call_ok Bool,call_error VARCHAR ) ENGINE = ReplacingMergeTree(_version_, _deleted_) PRIMARY KEY (id) PARTITION BY (toYYYYMM(_block_timestamp_)) ORDER BY (id, vault, block_number) SETTINGS\n allow_experimental_replacing_merge_with_cleanup = 1;", "schema_name": "vaultflows_rec"}
2026-09-13T17:21:14.504+0530 INFO (sink-sql) table created {"table_name": "CREATE TABLE IF NOT EXISTS vaultflows_rec.vaults ( _block_number_ UInt64 NOT NULL, _block_timestamp_ timestamp NOT NULL, _version_ Int64 NOT NULL, _deleted_ bool NOT NULL,id VARCHAR,chain_id UInt32,vault VARCHAR,first_seen_block UInt64,asset VARCHAR,asset_decimals UInt32,share_decimals UInt32,name VARCHAR,symbol VARCHAR,compliant Bool,in_configured_list Bool,call_ok Bool,call_error VARCHAR ) ENGINE = ReplacingMergeTree(_version_, _deleted_) PRIMARY KEY (id) PARTITION BY (toYYYYMM(_block_timestamp_)) ORDER BY (id) SETTINGS\n allow_experimental_replacing_merge_with_cleanup = 1;", "schema_name": "vaultflows_rec"}
2026-09-13T17:21:14.610+0530 INFO (sink-sql) table created {"table_name": "CREATE TABLE IF NOT EXISTS vaultflows_rec.share_transfers ( _block_number_ UInt64 NOT NULL, _block_timestamp_ timestamp NOT NULL, _version_ Int64 NOT NULL, _deleted_ bool NOT NULL,id VARCHAR,chain_id UInt32,block_number UInt64,block_hash VARCHAR,block_timestamp UInt64,tx_hash VARCHAR,log_index UInt32,vault VARCHAR,from_owner VARCHAR,to_owner VARCHAR,shares_raw UInt256,shares_normalized Decimal128(18),share_decimals UInt32,meta_valid Bool ) ENGINE = ReplacingMergeTree(_version_, _deleted_) PRIMARY KEY (id) PARTITION BY (toYYYYMM(_block_timestamp_)) ORDER BY (id, vault, block_number) SETTINGS\n allow_experimental_replacing_merge_with_cleanup = 1;", "schema_name": "vaultflows_rec"}
2026-09-13T17:21:14.618+0530 INFO (sink-sql) fetched cursor {"block": "None"}
2026-09-13T17:21:14.620+0530 INFO (sink-sql) starting sinker {"stats_refresh_each": "15s"}
2026-09-13T17:21:14.625+0530 INFO (sink-sql) sending request {"start_block": "51001200", "stop_block": "0", "cursor": ""}
2026-09-13T17:21:14.898+0530 INFO (sink-sql) substreams using protocol version v4
2026-09-13T17:21:16.021+0530 INFO (sink-sql) session initialized with remote endpoint {"max_parallel_workers": 5, "linear_handoff_block": 51255000, "resolved_start_block": 51001200, "trace_id": "1cb880dff703870ca093fb39c0b07bef"}
2026-09-13T17:21:16.624+0530 INFO (sink-sql) substreams stream stats {"data_msg_rate": "0.000 msg/s (0 total)", "undo_msg_rate": "0.000 msg/s (0 total)", "avg_block_wait_time_sec": 0.429022583, "avg_block_time_delta_sec": 0, "avg_local_block_processing_time_sec": 0, "last_block": "#51001204 (e98241541dee6e3d03c4bfd4d26e5d5112d600ce446939fcdd3670fa8a315619)", "progress_block_rate": "0.000 block/s (0 total)", "progress_last_block": {}, "progress_running_jobs": {}, "progress_total_processed_blocks": 0, "is_live": false}
2026-09-13T17:21:31.626+0530 INFO (sink-sql) substreams stream stats {"data_msg_rate": "8.882 msg/s (151 total)", "undo_msg_rate": "0.000 msg/s (0 total)", "avg_block_wait_time_sec": 0.002693403, "avg_block_time_delta_sec": 8.708074534, "avg_local_block_processing_time_sec": 0.000000332, "last_block": "#51001905 (6d7758b247cd14b01bd7769d6486226e881234892465036ecdea24daab02ee4d)", "progress_block_rate": "0.000 block/s (0 total)", "progress_last_block": {}, "progress_running_jobs": {}, "progress_total_processed_blocks": 0, "is_live": false}
2026-09-13T17:21:44.617+0530 INFO (sink-sql) -----------------------------------
2026-09-13T17:21:44.617+0530 INFO (sink-sql) Stats {"block_count": 285, "Processing Time": "28s", "Total Wait Duration": "27.18ms", "Total Duration": "28.03s", "Last Block Process At": "2026-09-13T17:21:44.479+0530"}
2026-09-13T17:21:44.617+0530 INFO (sink-sql)    Wait Duration Between Blocks {"average": "0.10ms", "last X average": "0.10ms"}
2026-09-13T17:21:44.617+0530 INFO (sink-sql)       Block Processing Duration {"average": "98.60ms", "last X average": "98.60ms"}
2026-09-13T17:21:44.617+0530 INFO (sink-sql)          Unmarshalling Duration {"average": "0.03ms", "last X average": "0.03ms"}
2026-09-13T17:21:44.617+0530 INFO (sink-sql)           Block Insert Duration {"average": "0.00ms", "last X average": "0.00ms"}
2026-09-13T17:21:44.617+0530 INFO (sink-sql)        Entities Insert Duration {"average": "0.02ms", "last X average": "0.02ms"}
2026-09-13T17:21:44.617+0530 INFO (sink-sql)                  Flush duration {"average": "0.12s", "last X average": "0.11s"}
2026-09-13T17:21:44.617+0530 INFO (sink-sql) -----------------------------------
2026-09-13T17:21:46.625+0530 INFO (sink-sql) substreams stream stats {"data_msg_rate": "9.833 msg/s (295 total)", "undo_msg_rate": "0.000 msg/s (0 total)", "avg_block_wait_time_sec": 0.002428734, "avg_block_time_delta_sec": 9.375838926, "avg_local_block_processing_time_sec": 0.000000334, "last_block": "#51002601 (3371b2d7eec4c25a8c8a6e3bfd5b25c8cf363426dad7fdea3f6d7751c7446c27)", "progress_block_rate": "199.700 block/s (5991 total)", "progress_last_block": {"stage 2":51011000}, "progress_running_jobs": {"stage 0":0,"stage 1":0,"stage 2":5}, "progress_total_processed_blocks": 5991, "is_live": false}
2026-09-13T17:22:01.625+0530 INFO (sink-sql) substreams stream stats {"data_msg_rate": "9.067 msg/s (423 total)", "undo_msg_rate": "0.000 msg/s (0 total)", "avg_block_wait_time_sec": 0.000185671, "avg_block_time_delta_sec": 10.417910447, "avg_local_block_processing_time_sec": 0.000000431, "last_block": "#51003301 (c96a33d51d2959cd61c91b497405b2c4cdbf98640686f8ca5d7cdef08ca3b939)", "progress_block_rate": "199.700 block/s (5991 total)", "progress_last_block": {"stage 2":51011000}, "progress_running_jobs": {"stage 0":0,"stage 1":0,"stage 2":5}, "progress_total_processed_blocks": 5991, "is_live": false}
2026-09-13T17:22:14.618+0530 INFO (sink-sql) -----------------------------------
2026-09-13T17:22:14.619+0530 INFO (sink-sql) Stats {"block_count": 555, "Processing Time": "57.6s", "Total Wait Duration": "39.67ms", "Total Duration": "57.64s", "Last Block Process At": "2026-09-13T17:22:14.084+0530"}
2026-09-13T17:22:14.619+0530 INFO (sink-sql)    Wait Duration Between Blocks {"average": "0.07ms", "last X average": "0.07ms"}
2026-09-13T17:22:14.619+0530 INFO (sink-sql)       Block Processing Duration {"average": "0.1s", "last X average": "0.1s"}
2026-09-13T17:22:14.619+0530 INFO (sink-sql)          Unmarshalling Duration {"average": "0.04ms", "last X average": "0.04ms"}
2026-09-13T17:22:14.619+0530 INFO (sink-sql)           Block Insert Duration {"average": "0.00ms", "last X average": "0.00ms"}
2026-09-13T17:22:14.619+0530 INFO (sink-sql)        Entities Insert Duration {"average": "0.03ms", "last X average": "0.03ms"}
2026-09-13T17:22:14.619+0530 INFO (sink-sql)                  Flush duration {"average": "0.12s", "last X average": "0.12s"}
2026-09-13T17:22:14.619+0530 INFO (sink-sql) -----------------------------------
2026-09-13T17:22:16.625+0530 INFO (sink-sql) substreams stream stats {"data_msg_rate": "9.100 msg/s (568 total)", "undo_msg_rate": "0.000 msg/s (0 total)", "avg_block_wait_time_sec": 0.001591027, "avg_block_time_delta_sec": 10.776556776, "avg_local_block_processing_time_sec": 0.000000625, "last_block": "#51004104 (1e1db0ec3f46ecda1b857f7d2e3093047e6b7c74d9ea53f07eec7bb2b321486c)", "progress_block_rate": "0.000 block/s (5991 total)", "progress_last_block": {"stage 2":51011000}, "progress_running_jobs": {"stage 0":0,"stage 1":0,"stage 2":5}, "progress_total_processed_blocks": 5991, "is_live": false}
2026-09-13T17:22:31.625+0530 INFO (sink-sql) substreams stream stats {"data_msg_rate": "8.600 msg/s (681 total)", "undo_msg_rate": "0.000 msg/s (0 total)", "avg_block_wait_time_sec": 0.000706638, "avg_block_time_delta_sec": 11.486590038, "avg_local_block_processing_time_sec": 0.000000597, "last_block": "#51004829 (614cf1a5aa04436edaf1c4a40c5acb8e6fe257d4dcc3bb93180a99c4ba90ae0f)", "progress_block_rate": "0.000 block/s (5991 total)", "progress_last_block": {"stage 2":51011000}, "progress_running_jobs": {"stage 0":0,"stage 1":0,"stage 2":5}, "progress_total_processed_blocks": 5991, "is_live": false}
2026-09-13T17:22:44.629+0530 INFO (sink-sql) -----------------------------------
2026-09-13T17:22:44.629+0530 INFO (sink-sql) Stats {"block_count": 809, "Processing Time": "1m 27.78s", "Total Wait Duration": "50.26ms", "Total Duration": "1m 27.83s", "Last Block Process At": "2026-09-13T17:22:44.289+0530"}
2026-09-13T17:22:44.629+0530 INFO (sink-sql)    Wait Duration Between Blocks {"average": "0.06ms", "last X average": "0.06ms"}
2026-09-13T17:22:44.629+0530 INFO (sink-sql)       Block Processing Duration {"average": "0.11s", "last X average": "0.11s"}
2026-09-13T17:22:44.629+0530 INFO (sink-sql)          Unmarshalling Duration {"average": "0.03ms", "last X average": "0.03ms"}
2026-09-13T17:22:44.629+0530 INFO (sink-sql)           Block Insert Duration {"average": "0.00ms", "last X average": "0.00ms"}
2026-09-13T17:22:44.629+0530 INFO (sink-sql)        Entities Insert Duration {"average": "0.03ms", "last X average": "0.03ms"}
2026-09-13T17:22:44.629+0530 INFO (sink-sql)                  Flush duration {"average": "0.12s", "last X average": "0.11s"}
2026-09-13T17:22:44.629+0530 INFO (sink-sql) -----------------------------------
2026-09-13T17:22:46.636+0530 INFO (sink-sql) substreams stream stats {"data_msg_rate": "8.333 msg/s (818 total)", "undo_msg_rate": "0.000 msg/s (0 total)", "avg_block_wait_time_sec": 0.000855375, "avg_block_time_delta_sec": 11.712, "avg_local_block_processing_time_sec": 0.000000694, "last_block": "#51005568 (44fd2ac880fd2d679788925b55c9a142e0e9f87fb1401fc83738c69c99798858)", "progress_block_rate": "0.000 block/s (5991 total)", "progress_last_block": {"stage 2":51011000}, "progress_running_jobs": {"stage 0":0,"stage 1":0,"stage 2":5}, "progress_total_processed_blocks": 5991, "is_live": false}
2026-09-13T17:23:01.648+0530 INFO (sink-sql) substreams stream stats {"data_msg_rate": "8.433 msg/s (934 total)", "undo_msg_rate": "0.000 msg/s (0 total)", "avg_block_wait_time_sec": 0.001100479, "avg_block_time_delta_sec": 12.178137651, "avg_local_block_processing_time_sec": 0.000000656, "last_block": "#51006333 (72f11f8926b635264e7f4570fee7b09c2468855ee3b74d3c0e8426add4df746b)", "progress_block_rate": "0.000 block/s (5991 total)", "progress_last_block": {"stage 2":51011000}, "progress_running_jobs": {"stage 0":0,"stage 1":0,"stage 2":5}, "progress_total_processed_blocks": 5991, "is_live": false}
2026-09-13T17:23:14.652+0530 INFO (sink-sql) -----------------------------------
2026-09-13T17:23:14.652+0530 INFO (sink-sql) Stats {"block_count": 1040, "Processing Time": "1m 57.91s", "Total Wait Duration": "69.70ms", "Total Duration": "1m 57.98s", "Last Block Process At": "2026-09-13T17:23:14.458+0530"}
2026-09-13T17:23:14.652+0530 INFO (sink-sql)    Wait Duration Between Blocks {"average": "0.07ms", "last X average": "0.07ms"}
2026-09-13T17:23:14.652+0530 INFO (sink-sql)       Block Processing Duration {"average": "0.11s", "last X average": "0.11s"}
2026-09-13T17:23:14.652+0530 INFO (sink-sql)          Unmarshalling Duration {"average": "0.03ms", "last X average": "0.03ms"}
2026-09-13T17:23:14.652+0530 INFO (sink-sql)           Block Insert Duration {"average": "0.00ms", "last X average": "0.00ms"}
2026-09-13T17:23:14.652+0530 INFO (sink-sql)        Entities Insert Duration {"average": "0.03ms", "last X average": "0.03ms"}
2026-09-13T17:23:14.652+0530 INFO (sink-sql)                  Flush duration {"average": "0.13s", "last X average": "0.15s"}
2026-09-13T17:23:14.652+0530 INFO (sink-sql) -----------------------------------
2026-09-13T17:23:16.653+0530 INFO (sink-sql) substreams stream stats {"data_msg_rate": "7.900 msg/s (1055 total)", "undo_msg_rate": "0.000 msg/s (0 total)", "avg_block_wait_time_sec": 0.00207643, "avg_block_time_delta_sec": 12.175438596, "avg_local_block_processing_time_sec": 0.000000416, "last_block": "#51006986 (b3dcd5207687cbbb1010a574367568e3b75b5ff4108fc1602890efd9b38be35b)", "progress_block_rate": "0.000 block/s (5991 total)", "progress_last_block": {"stage 2":51011000}, "progress_running_jobs": {"stage 0":0,"stage 1":0,"stage 2":5}, "progress_total_processed_blocks": 5991, "is_live": false}
2026-09-13T17:23:31.655+0530 INFO (sink-sql) substreams stream stats {"data_msg_rate": "8.433 msg/s (1187 total)", "undo_msg_rate": "0.000 msg/s (0 total)", "avg_block_wait_time_sec": 0.005130305, "avg_block_time_delta_sec": 10.912, "avg_local_block_processing_time_sec": 0.00000043, "last_block": "#51007723 (6431a5e2ddd2a1e8317f7d055d0322e04841aae250fd506dd2d9be85b1e499d2)", "progress_block_rate": "0.000 block/s (5991 total)", "progress_last_block": {"stage 2":51011000}, "progress_running_jobs": {"stage 0":0,"stage 1":0,"stage 2":5}, "progress_total_processed_blocks": 5991, "is_live": false}
2026-09-13T17:23:44.657+0530 INFO (sink-sql) -----------------------------------
2026-09-13T17:23:44.658+0530 INFO (sink-sql) Stats {"block_count": 1307, "Processing Time": "2m 27.92s", "Total Wait Duration": "93.29ms", "Total Duration": "2m 28.01s", "Last Block Process At": "2026-09-13T17:23:44.488+0530"}
2026-09-13T17:23:44.658+0530 INFO (sink-sql)    Wait Duration Between Blocks {"average": "0.07ms", "last X average": "0.06ms"}
2026-09-13T17:23:44.658+0530 INFO (sink-sql)       Block Processing Duration {"average": "0.11s", "last X average": "0.12s"}
2026-09-13T17:23:44.658+0530 INFO (sink-sql)          Unmarshalling Duration {"average": "0.04ms", "last X average": "0.04ms"}
2026-09-13T17:23:44.660+0530 INFO (sink-sql)           Block Insert Duration {"average": "0.00ms", "last X average": "0.00ms"}
2026-09-13T17:23:44.660+0530 INFO (sink-sql)        Entities Insert Duration {"average": "0.03ms", "last X average": "0.03ms"}
2026-09-13T17:23:44.660+0530 INFO (sink-sql)                  Flush duration {"average": "0.14s", "last X average": "0.14s"}
2026-09-13T17:23:44.660+0530 INFO (sink-sql) -----------------------------------
2026-09-13T17:23:46.655+0530 INFO (sink-sql) substreams stream stats {"data_msg_rate": "8.733 msg/s (1317 total)", "undo_msg_rate": "0.000 msg/s (0 total)", "avg_block_wait_time_sec": 0.004019041, "avg_block_time_delta_sec": 10.839694656, "avg_local_block_processing_time_sec": 0.000001083, "last_block": "#51008433 (79a4abe7ac95a4c2a08440b4f47450b62225316391b292c796b532fb7fd7df38)", "progress_block_rate": "39.100 block/s (7164 total)", "progress_last_block": {"stage 2":51012000}, "progress_running_jobs": {"stage 0":0,"stage 1":0,"stage 2":5}, "progress_total_processed_blocks": 7164, "is_live": false}
2026-09-13T17:24:01.655+0530 INFO (sink-sql) substreams stream stats {"data_msg_rate": "7.300 msg/s (1406 total)", "undo_msg_rate": "0.000 msg/s (0 total)", "avg_block_wait_time_sec": 0.005335958, "avg_block_time_delta_sec": 13.211538461, "avg_local_block_processing_time_sec": 0.000001222, "last_block": "#51009132 (7fd3ac555ade9b7a7b2b1d160a6c403c510caedd93b558855bb8fd6ae5af7212)", "progress_block_rate": "39.100 block/s (7164 total)", "progress_last_block": {"stage 2":51012000}, "progress_running_jobs": {"stage 0":0,"stage 1":0,"stage 2":5}, "progress_total_processed_blocks": 7164, "is_live": false}
2026-09-13T17:24:14.662+0530 INFO (sink-sql) -----------------------------------
2026-09-13T17:24:14.662+0530 INFO (sink-sql) Stats {"block_count": 1512, "Processing Time": "2m 57.83s", "Total Wait Duration": "0.12s", "Total Duration": "2m 57.96s", "Last Block Process At": "2026-09-13T17:24:14.436+0530"}
2026-09-13T17:24:14.662+0530 INFO (sink-sql)    Wait Duration Between Blocks {"average": "0.08ms", "last X average": "0.08ms"}
2026-09-13T17:24:14.662+0530 INFO (sink-sql)       Block Processing Duration {"average": "0.12s", "last X average": "0.12s"}
2026-09-13T17:24:14.662+0530 INFO (sink-sql)          Unmarshalling Duration {"average": "0.04ms", "last X average": "0.03ms"}
2026-09-13T17:24:14.662+0530 INFO (sink-sql)           Block Insert Duration {"average": "0.00ms", "last X average": "0.00ms"}
2026-09-13T17:24:14.662+0530 INFO (sink-sql)        Entities Insert Duration {"average": "0.03ms", "last X average": "0.03ms"}
2026-09-13T17:24:14.662+0530 INFO (sink-sql)                  Flush duration {"average": "0.14s", "last X average": "0.16s"}
2026-09-13T17:24:14.662+0530 INFO (sink-sql) -----------------------------------
2026-09-13T17:24:16.654+0530 INFO (sink-sql) substreams stream stats {"data_msg_rate": "6.767 msg/s (1520 total)", "undo_msg_rate": "0.000 msg/s (0 total)", "avg_block_wait_time_sec": 0.005350194, "avg_block_time_delta_sec": 14.615384615, "avg_local_block_processing_time_sec": 0.000000916, "last_block": "#51009898 (599601c321ca8bb8ba49d3d40039eb64279f125865ff5ad2dcc26df8c8b97f51)", "progress_block_rate": "0.000 block/s (7164 total)", "progress_last_block": {"stage 2":51012000}, "progress_running_jobs": {"stage 0":0,"stage 1":0,"stage 2":5}, "progress_total_processed_blocks": 7164, "is_live": false}
2026-09-13T17:24:31.655+0530 INFO (sink-sql) substreams stream stats {"data_msg_rate": "6.433 msg/s (1599 total)", "undo_msg_rate": "0.000 msg/s (0 total)", "avg_block_wait_time_sec": 0.004152416, "avg_block_time_delta_sec": 15.236559139, "avg_local_block_processing_time_sec": 0.00000101, "last_block": "#51010595 (da764dfe0251bd455745c4efd6492eba9e67f41d439942f722f67818821c79e2)", "progress_block_rate": "0.000 block/s (7164 total)", "progress_last_block": {"stage 2":51012000}, "progress_running_jobs": {"stage 0":0,"stage 1":0,"stage 2":5}, "progress_total_processed_blocks": 7164, "is_live": false}
2026-09-13T17:24:44.663+0530 INFO (sink-sql) -----------------------------------
2026-09-13T17:24:44.664+0530 INFO (sink-sql) Stats {"block_count": 1690, "Processing Time": "3m 27.79s", "Total Wait Duration": "0.13s", "Total Duration": "3m 27.92s", "Last Block Process At": "2026-09-13T17:24:44.400+0530"}
2026-09-13T17:24:44.664+0530 INFO (sink-sql)    Wait Duration Between Blocks {"average": "0.08ms", "last X average": "0.09ms"}
2026-09-13T17:24:44.664+0530 INFO (sink-sql)       Block Processing Duration {"average": "0.12s", "last X average": "0.13s"}
2026-09-13T17:24:44.664+0530 INFO (sink-sql)          Unmarshalling Duration {"average": "0.04ms", "last X average": "0.04ms"}
2026-09-13T17:24:44.664+0530 INFO (sink-sql)           Block Insert Duration {"average": "0.00ms", "last X average": "0.00ms"}
2026-09-13T17:24:44.664+0530 INFO (sink-sql)        Entities Insert Duration {"average": "0.03ms", "last X average": "0.04ms"}
2026-09-13T17:24:44.664+0530 INFO (sink-sql)                  Flush duration {"average": "0.15s", "last X average": "0.17s"}
2026-09-13T17:24:44.664+0530 INFO (sink-sql) -----------------------------------
2026-09-13T17:24:46.656+0530 INFO (sink-sql) substreams stream stats {"data_msg_rate": "5.800 msg/s (1694 total)", "undo_msg_rate": "0.000 msg/s (0 total)", "avg_block_wait_time_sec": 0.000565343, "avg_block_time_delta_sec": 17.555555555, "avg_local_block_processing_time_sec": 0.000001104, "last_block": "#51011399 (24d59ff3537aab3553a879580221e9e8a5b8479d10193d4f99696753af2cba8e)", "progress_block_rate": "0.000 block/s (7164 total)", "progress_last_block": {"stage 2":51012000}, "progress_running_jobs": {"stage 0":0,"stage 1":0,"stage 2":5}, "progress_total_processed_blocks": 7164, "is_live": false}
2026-09-13T17:25:01.656+0530 INFO (sink-sql) substreams stream stats {"data_msg_rate": "5.833 msg/s (1774 total)", "undo_msg_rate": "0.000 msg/s (0 total)", "avg_block_wait_time_sec": 0.000559218, "avg_block_time_delta_sec": 17.702857142, "avg_local_block_processing_time_sec": 0.000000468, "last_block": "#51012178 (6611845acbd62ed6d767dee2455cd18a7360c32a77aa84cd159e7fdd12cc1994)", "progress_block_rate": "258.100 block/s (14907 total)", "progress_last_block": {"stage 2":51019000}, "progress_running_jobs": {"stage 0":0,"stage 1":0,"stage 2":5}, "progress_total_processed_blocks": 14907, "is_live": false}
2026-09-13T17:25:14.665+0530 INFO (sink-sql) -----------------------------------
2026-09-13T17:25:14.665+0530 INFO (sink-sql) Stats {"block_count": 1856, "Processing Time": "3m 57.84s", "Total Wait Duration": "0.14s", "Total Duration": "3m 57.98s", "Last Block Process At": "2026-09-13T17:25:14.456+0530"}
2026-09-13T17:25:14.665+0530 INFO (sink-sql)    Wait Duration Between Blocks {"average": "0.07ms", "last X average": "0.08ms"}
2026-09-13T17:25:14.665+0530 INFO (sink-sql)       Block Processing Duration {"average": "0.13s", "last X average": "0.14s"}
2026-09-13T17:25:14.665+0530 INFO (sink-sql)          Unmarshalling Duration {"average": "0.03ms", "last X average": "0.04ms"}
2026-09-13T17:25:14.665+0530 INFO (sink-sql)           Block Insert Duration {"average": "0.00ms", "last X average": "0.00ms"}
2026-09-13T17:25:14.665+0530 INFO (sink-sql)        Entities Insert Duration {"average": "0.03ms", "last X average": "0.04ms"}
2026-09-13T17:25:14.665+0530 INFO (sink-sql)                  Flush duration {"average": "0.16s", "last X average": "0.2s"}
2026-09-13T17:25:14.665+0530 INFO (sink-sql) -----------------------------------
2026-09-13T17:25:16.655+0530 INFO (sink-sql) substreams stream stats {"data_msg_rate": "5.667 msg/s (1864 total)", "undo_msg_rate": "0.000 msg/s (0 total)", "avg_block_wait_time_sec": 0.00071793, "avg_block_time_delta_sec": 18, "avg_local_block_processing_time_sec": 0.000000471, "last_block": "#51012967 (6071e8d197a3e16dad22e3dc715fc23cdf8c986664f9eee9eb4fe8784481915a)", "progress_block_rate": "258.100 block/s (14907 total)", "progress_last_block": {"stage 2":51019000}, "progress_running_jobs": {"stage 0":0,"stage 1":0,"stage 2":5}, "progress_total_processed_blocks": 14907, "is_live": false}
2026-09-13T17:25:31.656+0530 INFO (sink-sql) substreams stream stats {"data_msg_rate": "5.400 msg/s (1936 total)", "undo_msg_rate": "0.000 msg/s (0 total)", "avg_block_wait_time_sec": 0.001074208, "avg_block_time_delta_sec": 21.51552795, "avg_local_block_processing_time_sec": 0.000000406, "last_block": "#51013910 (c690a3d58e39b045e26a9d08d519bdd0c8202a2fb8d2f3f32210fc9afdceb19a)", "progress_block_rate": "0.000 block/s (14907 total)", "progress_last_block": {"stage 2":51019000}, "progress_running_jobs": {"stage 0":0,"stage 1":0,"stage 2":5}, "progress_total_processed_blocks": 14907, "is_live": false}
2026-09-13T17:25:44.668+0530 INFO (sink-sql) -----------------------------------
2026-09-13T17:25:44.669+0530 INFO (sink-sql) Stats {"block_count": 1991, "Processing Time": "4m 27.48s", "Total Wait Duration": "0.16s", "Total Duration": "4m 27.64s", "Last Block Process At": "2026-09-13T17:25:44.120+0530"}
2026-09-13T17:25:44.669+0530 INFO (sink-sql)    Wait Duration Between Blocks {"average": "0.08ms", "last X average": "0.10ms"}
2026-09-13T17:25:44.669+0530 INFO (sink-sql)       Block Processing Duration {"average": "0.13s", "last X average": "0.16s"}
2026-09-13T17:25:44.669+0530 INFO (sink-sql)          Unmarshalling Duration {"average": "0.04ms", "last X average": "0.04ms"}
2026-09-13T17:25:44.669+0530 INFO (sink-sql)           Block Insert Duration {"average": "0.00ms", "last X average": "0.00ms"}
2026-09-13T17:25:44.669+0530 INFO (sink-sql)        Entities Insert Duration {"average": "0.03ms", "last X average": "0.04ms"}
2026-09-13T17:25:44.669+0530 INFO (sink-sql)                  Flush duration {"average": "0.17s", "last X average": "0.37s"}
2026-09-13T17:25:44.669+0530 INFO (sink-sql) -----------------------------------
2026-09-13T17:25:46.655+0530 INFO (sink-sql) substreams stream stats {"data_msg_rate": "4.433 msg/s (1997 total)", "undo_msg_rate": "0.000 msg/s (0 total)", "avg_block_wait_time_sec": 0.002561708, "avg_block_time_delta_sec": 30.803030303, "avg_local_block_processing_time_sec": 0.000001639, "last_block": "#51015000 (8fb80726f83a60fe639ecfcaa3d0998eaca409fefa70e10fdf2bb4d9d77f3633)", "progress_block_rate": "0.000 block/s (14907 total)", "progress_last_block": {"stage 2":51019000}, "progress_running_jobs": {"stage 0":0,"stage 1":0,"stage 2":5}, "progress_total_processed_blocks": 14907, "is_live": false}
2026-09-13T17:26:01.657+0530 INFO (sink-sql) substreams stream stats {"data_msg_rate": "4.033 msg/s (2057 total)", "undo_msg_rate": "0.000 msg/s (0 total)", "avg_block_wait_time_sec": 0.001935166, "avg_block_time_delta_sec": 35.1, "avg_local_block_processing_time_sec": 0.000001888, "last_block": "#51016016 (33191553acd438586c95ac9773405f5649e7e10a2e21d14b4ae6919ec1d65edd)", "progress_block_rate": "0.000 block/s (14907 total)", "progress_last_block": {"stage 2":51019000}, "progress_running_jobs": {"stage 0":0,"stage 1":0,"stage 2":5}, "progress_total_processed_blocks": 14907, "is_live": false}
2026-09-13T17:26:14.670+0530 INFO (sink-sql) -----------------------------------
2026-09-13T17:26:14.670+0530 INFO (sink-sql) Stats {"block_count": 2100, "Processing Time": "4m 57.92s", "Total Wait Duration": "0.17s", "Total Duration": "4m 58.09s", "Last Block Process At": "2026-09-13T17:26:14.565+0530"}
2026-09-13T17:26:14.670+0530 INFO (sink-sql)    Wait Duration Between Blocks {"average": "0.08ms", "last X average": "0.09ms"}
2026-09-13T17:26:14.670+0530 INFO (sink-sql)       Block Processing Duration {"average": "0.14s", "last X average": "0.17s"}
2026-09-13T17:26:14.670+0530 INFO (sink-sql)          Unmarshalling Duration {"average": "0.04ms", "last X average": "0.03ms"}
2026-09-13T17:26:14.670+0530 INFO (sink-sql)           Block Insert Duration {"average": "0.00ms", "last X average": "0.00ms"}
2026-09-13T17:26:14.670+0530 INFO (sink-sql)        Entities Insert Duration {"average": "0.03ms", "last X average": "0.04ms"}
2026-09-13T17:26:14.670+0530 INFO (sink-sql)                  Flush duration {"average": "0.19s", "last X average": "0.46s"}
2026-09-13T17:26:14.670+0530 INFO (sink-sql) -----------------------------------
2026-09-13T17:26:16.656+0530 INFO (sink-sql) substreams stream stats {"data_msg_rate": "3.533 msg/s (2103 total)", "undo_msg_rate": "0.000 msg/s (0 total)", "avg_block_wait_time_sec": 0.001709361, "avg_block_time_delta_sec": 38.952380952, "avg_local_block_processing_time_sec": 0.000001416, "last_block": "#51017045 (4e9063a6a97e4adc999ca5cfae118a09538cd1805a24b125cabb5c5c2fbee09a)", "progress_block_rate": "45.733 block/s (16279 total)", "progress_last_block": {"stage 2":51022000}, "progress_running_jobs": {"stage 0":0,"stage 1":0,"stage 2":5}, "progress_total_processed_blocks": 16279, "is_live": false}
2026-09-13T17:26:31.656+0530 INFO (sink-sql) substreams stream stats {"data_msg_rate": "3.433 msg/s (2160 total)", "undo_msg_rate": "0.000 msg/s (0 total)", "avg_block_wait_time_sec": 0.000546639, "avg_block_time_delta_sec": 46.921568627, "avg_local_block_processing_time_sec": 0.000001069, "last_block": "#51018409 (63af2d3038ef92b45755fc284f7ed07e25bc2a5baae20065003b86e6628ee152)", "progress_block_rate": "45.733 block/s (16279 total)", "progress_last_block": {"stage 2":51022000}, "progress_running_jobs": {"stage 0":0,"stage 1":0,"stage 2":5}, "progress_total_processed_blocks": 16279, "is_live": false}
2026-09-13T17:26:44.671+0530 INFO (sink-sql) -----------------------------------
2026-09-13T17:26:44.673+0530 INFO (sink-sql) Stats {"block_count": 2210, "Processing Time": "5m 27.7s", "Total Wait Duration": "0.2s", "Total Duration": "5m 27.9s", "Last Block Process At": "2026-09-13T17:26:44.377+0530"}
2026-09-13T17:26:44.673+0530 INFO (sink-sql)    Wait Duration Between Blocks {"average": "0.09ms", "last X average": "0.11ms"}
2026-09-13T17:26:44.673+0530 INFO (sink-sql)       Block Processing Duration {"average": "0.15s", "last X average": "0.19s"}
2026-09-13T17:26:44.673+0530 INFO (sink-sql)          Unmarshalling Duration {"average": "0.04ms", "last X average": "0.03ms"}
2026-09-13T17:26:44.673+0530 INFO (sink-sql)           Block Insert Duration {"average": "0.00ms", "last X average": "0.00ms"}
2026-09-13T17:26:44.673+0530 INFO (sink-sql)        Entities Insert Duration {"average": "0.04ms", "last X average": "0.04ms"}
2026-09-13T17:26:44.673+0530 INFO (sink-sql)                  Flush duration {"average": "0.2s", "last X average": "0.33s"}
2026-09-13T17:26:44.673+0530 INFO (sink-sql) -----------------------------------
2026-09-13T17:26:46.655+0530 INFO (sink-sql) substreams stream stats {"data_msg_rate": "3.667 msg/s (2213 total)", "undo_msg_rate": "0.000 msg/s (0 total)", "avg_block_wait_time_sec": 0.000557944, "avg_block_time_delta_sec": 47.261261261, "avg_local_block_processing_time_sec": 0.000002027, "last_block": "#51019697 (6f185fe3ffa17f8d6418461aeba821d4be0dce815b42d95fd910519f898993e9)", "progress_block_rate": "0.000 block/s (16279 total)", "progress_last_block": {"stage 2":51022000}, "progress_running_jobs": {"stage 0":0,"stage 1":0,"stage 2":5}, "progress_total_processed_blocks": 16279, "is_live": false}
2026-09-13T17:27:01.656+0530 INFO (sink-sql) substreams stream stats {"data_msg_rate": "3.333 msg/s (2260 total)", "undo_msg_rate": "0.000 msg/s (0 total)", "avg_block_wait_time_sec": 0.000458889, "avg_block_time_delta_sec": 51.142857142, "avg_local_block_processing_time_sec": 0.000001472, "last_block": "#51020915 (58a2e9eeef51021520c44054fca0ba6eca305ec5da2c5862e44076e31d4636e8)", "progress_block_rate": "21.733 block/s (16931 total)", "progress_last_block": {"stage 2":51024004}, "progress_running_jobs": {"stage 0":0,"stage 1":0,"stage 2":5}, "progress_total_processed_blocks": 16931, "is_live": false}
2026-09-13T17:27:14.674+0530 INFO (sink-sql) -----------------------------------
2026-09-13T17:27:14.674+0530 INFO (sink-sql) Stats {"block_count": 2301, "Processing Time": "5m 57.63s", "Total Wait Duration": "0.21s", "Total Duration": "5m 57.83s", "Last Block Process At": "2026-09-13T17:27:14.310+0530"}
2026-09-13T17:27:14.674+0530 INFO (sink-sql)    Wait Duration Between Blocks {"average": "0.09ms", "last X average": "0.11ms"}
2026-09-13T17:27:14.674+0530 INFO (sink-sql)       Block Processing Duration {"average": "0.16s", "last X average": "0.21s"}
2026-09-13T17:27:14.674+0530 INFO (sink-sql)          Unmarshalling Duration {"average": "0.04ms", "last X average": "0.04ms"}
2026-09-13T17:27:14.676+0530 INFO (sink-sql)           Block Insert Duration {"average": "0.00ms", "last X average": "0.01ms"}
2026-09-13T17:27:14.676+0530 INFO (sink-sql)        Entities Insert Duration {"average": "0.04ms", "last X average": "0.04ms"}
2026-09-13T17:27:14.676+0530 INFO (sink-sql)                  Flush duration {"average": "0.22s", "last X average": "0.31s"}
2026-09-13T17:27:14.676+0530 INFO (sink-sql) -----------------------------------
2026-09-13T17:27:16.656+0530 INFO (sink-sql) substreams stream stats {"data_msg_rate": "3.000 msg/s (2303 total)", "undo_msg_rate": "0.000 msg/s (0 total)", "avg_block_wait_time_sec": 0.000343208, "avg_block_time_delta_sec": 58.465116279, "avg_local_block_processing_time_sec": 0.000000403, "last_block": "#51022211 (b7883deee26ec88152707ab53b1accb2e6d73049e06a2889634f25986864725c)", "progress_block_rate": "21.733 block/s (16931 total)", "progress_last_block": {"stage 2":51024004}, "progress_running_jobs": {"stage 0":0,"stage 1":0,"stage 2":5}, "progress_total_processed_blocks": 16931, "is_live": false}
2026-09-13T17:27:31.655+0530 INFO (sink-sql) substreams stream stats {"data_msg_rate": "2.833 msg/s (2345 total)", "undo_msg_rate": "0.000 msg/s (0 total)", "avg_block_wait_time_sec": 0.000398319, "avg_block_time_delta_sec": 67.218390804, "avg_local_block_processing_time_sec": 0.0000005, "last_block": "#51023839 (567a8ab742b4f317b7dd736b067784b219ecfdce7b7bf6fa75562df57ce23d4f)", "progress_block_rate": "0.000 block/s (16931 total)", "progress_last_block": {"stage 2":51024004}, "progress_running_jobs": {"stage 0":0,"stage 1":0,"stage 2":5}, "progress_total_processed_blocks": 16931, "is_live": false}
2026-09-13T17:27:44.677+0530 INFO (sink-sql) -----------------------------------
2026-09-13T17:27:44.677+0530 INFO (sink-sql) Stats {"block_count": 2391, "Processing Time": "6m 27.93s", "Total Wait Duration": "0.22s", "Total Duration": "6m 28.15s", "Last Block Process At": "2026-09-13T17:27:44.625+0530"}
2026-09-13T17:27:44.677+0530 INFO (sink-sql)    Wait Duration Between Blocks {"average": "0.09ms", "last X average": "0.11ms"}
2026-09-13T17:27:44.677+0530 INFO (sink-sql)       Block Processing Duration {"average": "0.16s", "last X average": "0.23s"}
2026-09-13T17:27:44.678+0530 INFO (sink-sql)          Unmarshalling Duration {"average": "0.04ms", "last X average": "0.04ms"}
2026-09-13T17:27:44.678+0530 INFO (sink-sql)           Block Insert Duration {"average": "0.00ms", "last X average": "0.01ms"}
2026-09-13T17:27:44.678+0530 INFO (sink-sql)        Entities Insert Duration {"average": "0.04ms", "last X average": "0.04ms"}
2026-09-13T17:27:44.678+0530 INFO (sink-sql)                  Flush duration {"average": "0.24s", "last X average": "0.43s"}
2026-09-13T17:27:44.678+0530 INFO (sink-sql) -----------------------------------
2026-09-13T17:27:46.655+0530 INFO (sink-sql) substreams stream stats {"data_msg_rate": "3.133 msg/s (2397 total)", "undo_msg_rate": "0.000 msg/s (0 total)", "avg_block_wait_time_sec": 0.002847347, "avg_block_time_delta_sec": 64.258064516, "avg_local_block_processing_time_sec": 0.000000594, "last_block": "#51025249 (5571fecb1f0d57097c46ca0ab8df20281e592745f416d022a136f458c299ad92)", "progress_block_rate": "111.533 block/s (20277 total)", "progress_last_block": {"stage 2":51029000}, "progress_running_jobs": {"stage 0":0,"stage 1":0,"stage 2":5}, "progress_total_processed_blocks": 20277, "is_live": false}
2026-09-13T17:28:01.655+0530 INFO (sink-sql) substreams stream stats {"data_msg_rate": "3.433 msg/s (2448 total)", "undo_msg_rate": "0.000 msg/s (0 total)", "avg_block_wait_time_sec": 0.002881764, "avg_block_time_delta_sec": 51.56862745, "avg_local_block_processing_time_sec": 0.00000075, "last_block": "#51026526 (9ac32dea857915b912ce58cc260e1bf92902a05357aacb8eec7144f2e26ac84c)", "progress_block_rate": "111.533 block/s (20277 total)", "progress_last_block": {"stage 2":51029000}, "progress_running_jobs": {"stage 0":0,"stage 1":0,"stage 2":5}, "progress_total_processed_blocks": 20277, "is_live": false}
2026-09-13T17:28:14.679+0530 INFO (sink-sql) -----------------------------------
2026-09-13T17:28:14.680+0530 INFO (sink-sql) Stats {"block_count": 2500, "Processing Time": "6m 57.5s", "Total Wait Duration": "0.23s", "Total Duration": "6m 57.72s", "Last Block Process At": "2026-09-13T17:28:14.200+0530"}
2026-09-13T17:28:14.680+0530 INFO (sink-sql)    Wait Duration Between Blocks {"average": "0.09ms", "last X average": "0.10ms"}
2026-09-13T17:28:14.680+0530 INFO (sink-sql)       Block Processing Duration {"average": "0.17s", "last X average": "0.24s"}
2026-09-13T17:28:14.680+0530 INFO (sink-sql)          Unmarshalling Duration {"average": "0.04ms", "last X average": "0.05ms"}
2026-09-13T17:28:14.680+0530 INFO (sink-sql)           Block Insert Duration {"average": "0.00ms", "last X average": "0.01ms"}
2026-09-13T17:28:14.680+0530 INFO (sink-sql)        Entities Insert Duration {"average": "0.03ms", "last X average": "0.04ms"}
2026-09-13T17:28:14.680+0530 INFO (sink-sql)                  Flush duration {"average": "0.25s", "last X average": "0.3s"}
2026-09-13T17:28:14.680+0530 INFO (sink-sql) -----------------------------------
2026-09-13T17:28:16.656+0530 INFO (sink-sql) substreams stream stats {"data_msg_rate": "3.733 msg/s (2509 total)", "undo_msg_rate": "0.000 msg/s (0 total)", "avg_block_wait_time_sec": 0.001217305, "avg_block_time_delta_sec": 38.5, "avg_local_block_processing_time_sec": 0.000000777, "last_block": "#51027511 (80bda14667f70c4c21ff75794103a35ff538aede5177ac5648d21886a3cd017e)", "progress_block_rate": "0.000 block/s (20277 total)", "progress_last_block": {"stage 2":51029000}, "progress_running_jobs": {"stage 0":0,"stage 1":0,"stage 2":5}, "progress_total_processed_blocks": 20277, "is_live": false}
2026-09-13T17:28:31.655+0530 INFO (sink-sql) substreams stream stats {"data_msg_rate": "4.500 msg/s (2583 total)", "undo_msg_rate": "0.000 msg/s (0 total)", "avg_block_wait_time_sec": 0.001382347, "avg_block_time_delta_sec": 30.281481481, "avg_local_block_processing_time_sec": 0.000000708, "last_block": "#51028570 (8530a77d8143f11045814a0ac730b49f63de1e68308767ddf820b21e06e73e56)", "progress_block_rate": "0.000 block/s (20277 total)", "progress_last_block": {"stage 2":51029000}, "progress_running_jobs": {"stage 0":0,"stage 1":0,"stage 2":5}, "progress_total_processed_blocks": 20277, "is_live": false}
2026-09-13T17:28:44.684+0530 INFO (sink-sql) -----------------------------------
2026-09-13T17:28:44.686+0530 INFO (sink-sql) Stats {"block_count": 2647, "Processing Time": "7m 27.91s", "Total Wait Duration": "0.23s", "Total Duration": "7m 28.14s", "Last Block Process At": "2026-09-13T17:28:44.620+0530"}
2026-09-13T17:28:44.686+0530 INFO (sink-sql)    Wait Duration Between Blocks {"average": "0.09ms", "last X average": "0.10ms"}
2026-09-13T17:28:44.687+0530 INFO (sink-sql)       Block Processing Duration {"average": "0.17s", "last X average": "0.25s"}
2026-09-13T17:28:44.687+0530 INFO (sink-sql)          Unmarshalling Duration {"average": "0.04ms", "last X average": "0.04ms"}
2026-09-13T17:28:44.687+0530 INFO (sink-sql)           Block Insert Duration {"average": "0.00ms", "last X average": "0.01ms"}
2026-09-13T17:28:44.687+0530 INFO (sink-sql)        Entities Insert Duration {"average": "0.03ms", "last X average": "0.04ms"}
2026-09-13T17:28:44.687+0530 INFO (sink-sql)                  Flush duration {"average": "0.25s", "last X average": "0.21s"}
2026-09-13T17:28:44.687+0530 INFO (sink-sql) -----------------------------------
2026-09-13T17:28:46.655+0530 INFO (sink-sql) substreams stream stats {"data_msg_rate": "4.733 msg/s (2651 total)", "undo_msg_rate": "0.000 msg/s (0 total)", "avg_block_wait_time_sec": 0.001603146, "avg_block_time_delta_sec": 29.323529411, "avg_local_block_processing_time_sec": 0.000001312, "last_block": "#51029505 (28f3cf454b0deeb893c6054f3eaa556b8225eb063c0a9a16a0b046cf926072f2)", "progress_block_rate": "82.300 block/s (22746 total)", "progress_last_block": {"stage 2":51033000}, "progress_running_jobs": {"stage 0":0,"stage 1":0,"stage 2":5}, "progress_total_processed_blocks": 22746, "is_live": false}
2026-09-13T17:29:01.656+0530 INFO (sink-sql) substreams stream stats {"data_msg_rate": "5.200 msg/s (2739 total)", "undo_msg_rate": "0.000 msg/s (0 total)", "avg_block_wait_time_sec": 0.000543396, "avg_block_time_delta_sec": 22.050955414, "avg_local_block_processing_time_sec": 0.000001021, "last_block": "#51030341 (9bfff78e7748ba853aa75bd7050eb3f1f85b463a85a014ae283e15d321a9dc7e)", "progress_block_rate": "82.300 block/s (22746 total)", "progress_last_block": {"stage 2":51033000}, "progress_running_jobs": {"stage 0":0,"stage 1":0,"stage 2":5}, "progress_total_processed_blocks": 22746, "is_live": false}
2026-09-13T17:29:14.689+0530 INFO (sink-sql) -----------------------------------
2026-09-13T17:29:14.689+0530 INFO (sink-sql) Stats {"block_count": 2830, "Processing Time": "7m 57.52s", "Total Wait Duration": "0.24s", "Total Duration": "7m 57.76s", "Last Block Process At": "2026-09-13T17:29:14.237+0530"}
2026-09-13T17:29:14.689+0530 INFO (sink-sql)    Wait Duration Between Blocks {"average": "0.08ms", "last X average": "0.10ms"}
2026-09-13T17:29:14.689+0530 INFO (sink-sql)       Block Processing Duration {"average": "0.17s", "last X average": "0.24s"}
2026-09-13T17:29:14.689+0530 INFO (sink-sql)          Unmarshalling Duration {"average": "0.04ms", "last X average": "0.04ms"}
2026-09-13T17:29:14.689+0530 INFO (sink-sql)           Block Insert Duration {"average": "0.00ms", "last X average": "0.00ms"}
2026-09-13T17:29:14.689+0530 INFO (sink-sql)        Entities Insert Duration {"average": "0.03ms", "last X average": "0.04ms"}
2026-09-13T17:29:14.689+0530 INFO (sink-sql)                  Flush duration {"average": "0.25s", "last X average": "0.24s"}
2026-09-13T17:29:14.689+0530 INFO (sink-sql) -----------------------------------
2026-09-13T17:29:16.655+0530 INFO (sink-sql) substreams stream stats {"data_msg_rate": "6.200 msg/s (2837 total)", "undo_msg_rate": "0.000 msg/s (0 total)", "avg_block_wait_time_sec": 0.000556083, "avg_block_time_delta_sec": 17.902702702, "avg_local_block_processing_time_sec": 0.000000403, "last_block": "#51031187 (5e43d082bb644aa7a5dbf0212d756a817f5a3e53c8f4b8d03615901a73736974)", "progress_block_rate": "0.000 block/s (22746 total)", "progress_last_block": {"stage 2":51033000}, "progress_running_jobs": {"stage 0":0,"stage 1":0,"stage 2":5}, "progress_total_processed_blocks": 22746, "is_live": false}
2026-09-13T17:29:31.655+0530 INFO (sink-sql) substreams stream stats {"data_msg_rate": "6.467 msg/s (2933 total)", "undo_msg_rate": "0.000 msg/s (0 total)", "avg_block_wait_time_sec": 0.000470343, "avg_block_time_delta_sec": 17.691489361, "avg_local_block_processing_time_sec": 0.000000541, "last_block": "#51032063 (4d30e708a77bce84b7da10541b7e9d9676cddd2e29136745783f1d5f6f024912)", "progress_block_rate": "0.000 block/s (22746 total)", "progress_last_block": {"stage 2":51033000}, "progress_running_jobs": {"stage 0":0,"stage 1":0,"stage 2":5}, "progress_total_processed_blocks": 22746, "is_live": false}
2026-09-13T17:29:44.691+0530 INFO (sink-sql) -----------------------------------
2026-09-13T17:29:44.691+0530 INFO (sink-sql) Stats {"block_count": 3029, "Processing Time": "8m 27.33s", "Total Wait Duration": "0.25s", "Total Duration": "8m 27.58s", "Last Block Process At": "2026-09-13T17:29:44.052+0530"}
2026-09-13T17:29:44.691+0530 INFO (sink-sql)    Wait Duration Between Blocks {"average": "0.08ms", "last X average": "0.08ms"}
2026-09-13T17:29:44.691+0530 INFO (sink-sql)       Block Processing Duration {"average": "0.17s", "last X average": "0.23s"}
2026-09-13T17:29:44.691+0530 INFO (sink-sql)          Unmarshalling Duration {"average": "0.04ms", "last X average": "0.04ms"}
2026-09-13T17:29:44.691+0530 INFO (sink-sql)           Block Insert Duration {"average": "0.00ms", "last X average": "0.00ms"}
2026-09-13T17:29:44.691+0530 INFO (sink-sql)        Entities Insert Duration {"average": "0.03ms", "last X average": "0.03ms"}
2026-09-13T17:29:44.691+0530 INFO (sink-sql)                  Flush duration {"average": "0.24s", "last X average": "0.17s"}
2026-09-13T17:29:44.691+0530 INFO (sink-sql) -----------------------------------
2026-09-13T17:29:46.656+0530 INFO (sink-sql) substreams stream stats {"data_msg_rate": "6.600 msg/s (3035 total)", "undo_msg_rate": "0.000 msg/s (0 total)", "avg_block_wait_time_sec": 0.000627083, "avg_block_time_delta_sec": 15.96, "avg_local_block_processing_time_sec": 0.000000624, "last_block": "#51032810 (31dcb08115ff84d89fbcae0662a1db2e989bac6b0e8592462166f3fa6caef7e1)", "progress_block_rate": "0.000 block/s (22746 total)", "progress_last_block": {"stage 2":51033000}, "progress_running_jobs": {"stage 0":0,"stage 1":0,"stage 2":5}, "progress_total_processed_blocks": 22746, "is_live": false}
2026-09-13T17:30:01.656+0530 INFO (sink-sql) substreams stream stats {"data_msg_rate": "7.233 msg/s (3150 total)", "undo_msg_rate": "0.000 msg/s (0 total)", "avg_block_wait_time_sec": 0.001021926, "avg_block_time_delta_sec": 12.936363636, "avg_local_block_processing_time_sec": 0.000000583, "last_block": "#51033519 (9ffcf565eb169c75c311453394e4c61b48010800c1ccd2ff791a02310dc7bd46)", "progress_block_rate": "0.000 block/s (22746 total)", "progress_last_block": {"stage 2":51033000}, "progress_running_jobs": {"stage 0":0,"stage 1":0,"stage 2":5}, "progress_total_processed_blocks": 22746, "is_live": false}
2026-09-13T17:30:14.693+0530 INFO (sink-sql) -----------------------------------
2026-09-13T17:30:14.693+0530 INFO (sink-sql) Stats {"block_count": 3250, "Processing Time": "8m 57.73s", "Total Wait Duration": "0.26s", "Total Duration": "8m 57.99s", "Last Block Process At": "2026-09-13T17:30:14.465+0530"}
2026-09-13T17:30:14.693+0530 INFO (sink-sql)    Wait Duration Between Blocks {"average": "0.08ms", "last X average": "0.06ms"}
2026-09-13T17:30:14.693+0530 INFO (sink-sql)       Block Processing Duration {"average": "0.17s", "last X average": "0.2s"}
2026-09-13T17:30:14.693+0530 INFO (sink-sql)          Unmarshalling Duration {"average": "0.04ms", "last X average": "0.04ms"}
2026-09-13T17:30:14.693+0530 INFO (sink-sql)           Block Insert Duration {"average": "0.00ms", "last X average": "0.00ms"}
2026-09-13T17:30:14.693+0530 INFO (sink-sql)        Entities Insert Duration {"average": "0.03ms", "last X average": "0.02ms"}
2026-09-13T17:30:14.693+0530 INFO (sink-sql)                  Flush duration {"average": "0.24s", "last X average": "0.14s"}
2026-09-13T17:30:14.693+0530 INFO (sink-sql) -----------------------------------
2026-09-13T17:30:16.658+0530 INFO (sink-sql) substreams stream stats {"data_msg_rate": "7.233 msg/s (3252 total)", "undo_msg_rate": "0.000 msg/s (0 total)", "avg_block_wait_time_sec": 0.001093885, "avg_block_time_delta_sec": 13.082568807, "avg_local_block_processing_time_sec": 0.000000875, "last_block": "#51034263 (4f9c17c73b74f60f7e496b68683eb5cfaf4e56defc255949474decd347b0ecb6)", "progress_block_rate": "158.633 block/s (27505 total)", "progress_last_block": {"stage 2":51038750}, "progress_running_jobs": {"stage 0":0,"stage 1":0,"stage 2":5}, "progress_total_processed_blocks": 27505, "is_live": false}
2026-09-13T17:30:31.704+0530 INFO (sink-sql) substreams stream stats {"data_msg_rate": "7.233 msg/s (3367 total)", "undo_msg_rate": "0.000 msg/s (0 total)", "avg_block_wait_time_sec": 0.000656333, "avg_block_time_delta_sec": 13.36744186, "avg_local_block_processing_time_sec": 0.000001388, "last_block": "#51034956 (06b0696e367f03e7e1c3bc5dd63f0f070e37298a274286e4495644443adf5d06)", "progress_block_rate": "158.633 block/s (27505 total)", "progress_last_block": {"stage 2":51038750}, "progress_running_jobs": {"stage 0":0,"stage 1":0,"stage 2":5}, "progress_total_processed_blocks": 27505, "is_live": false}
2026-09-13T17:30:44.700+0530 INFO (sink-sql) -----------------------------------
2026-09-13T17:30:44.715+0530 INFO (sink-sql) Stats {"block_count": 3493, "Processing Time": "9m 27.51s", "Total Wait Duration": "0.55s", "Total Duration": "9m 28.06s", "Last Block Process At": "2026-09-13T17:30:44.532+0530"}
2026-09-13T17:30:44.719+0530 INFO (sink-sql)    Wait Duration Between Blocks {"average": "0.16ms", "last X average": "0.33ms"}
2026-09-13T17:30:44.719+0530 INFO (sink-sql)       Block Processing Duration {"average": "0.16s", "last X average": "0.15s"}
2026-09-13T17:30:44.719+0530 INFO (sink-sql)          Unmarshalling Duration {"average": "0.04ms", "last X average": "0.06ms"}
2026-09-13T17:30:44.719+0530 INFO (sink-sql)           Block Insert Duration {"average": "0.01ms", "last X average": "0.01ms"}
2026-09-13T17:30:44.719+0530 INFO (sink-sql)        Entities Insert Duration {"average": "0.04ms", "last X average": "0.04ms"}
2026-09-13T17:30:44.719+0530 INFO (sink-sql)                  Flush duration {"average": "0.23s", "last X average": "0.1s"}
2026-09-13T17:30:44.719+0530 INFO (sink-sql) -----------------------------------
2026-09-13T17:30:46.657+0530 INFO (sink-sql) substreams stream stats {"data_msg_rate": "8.333 msg/s (3502 total)", "undo_msg_rate": "0.000 msg/s (0 total)", "avg_block_wait_time_sec": 0.080116431, "avg_block_time_delta_sec": 11.554621848, "avg_local_block_processing_time_sec": 0.002480652, "last_block": "#51035638 (c3cffe2ca17fa6602da061513569b89dd9630b610d45a0f82f642c1d36262b95)", "progress_block_rate": "0.000 block/s (27505 total)", "progress_last_block": {"stage 2":51038750}, "progress_running_jobs": {"stage 0":0,"stage 1":0,"stage 2":5}, "progress_total_processed_blocks": 27505, "is_live": false}
2026-09-13T17:31:01.658+0530 INFO (sink-sql) substreams stream stats {"data_msg_rate": "8.467 msg/s (3621 total)", "undo_msg_rate": "0.000 msg/s (0 total)", "avg_block_wait_time_sec": 0.089125486, "avg_block_time_delta_sec": 10.899224806, "avg_local_block_processing_time_sec": 0.001930499, "last_block": "#51036388 (15fd5aad5e9c1e8c9829ebbe55b81f80ee3043493e6a2c29ec6a1894abcd003f)", "progress_block_rate": "0.000 block/s (27505 total)", "progress_last_block": {"stage 2":51038750}, "progress_running_jobs": {"stage 0":0,"stage 1":0,"stage 2":5}, "progress_total_processed_blocks": 27505, "is_live": false}
2026-09-13T17:31:14.721+0530 INFO (sink-sql) -----------------------------------
2026-09-13T17:31:14.728+0530 INFO (sink-sql) Stats {"block_count": 3748, "Processing Time": "9m 57.46s", "Total Wait Duration": "0.6s", "Total Duration": "9m 58.07s", "Last Block Process At": "2026-09-13T17:31:14.541+0530"}
2026-09-13T17:31:14.730+0530 INFO (sink-sql)    Wait Duration Between Blocks {"average": "0.16ms", "last X average": "0.36ms"}
2026-09-13T17:31:14.730+0530 INFO (sink-sql)       Block Processing Duration {"average": "0.16s", "last X average": "0.13s"}
2026-09-13T17:31:14.730+0530 INFO (sink-sql)          Unmarshalling Duration {"average": "0.05ms", "last X average": "0.07ms"}
2026-09-13T17:31:14.730+0530 INFO (sink-sql)           Block Insert Duration {"average": "0.01ms", "last X average": "0.03ms"}
2026-09-13T17:31:14.730+0530 INFO (sink-sql)        Entities Insert Duration {"average": "0.04ms", "last X average": "0.04ms"}
2026-09-13T17:31:14.730+0530 INFO (sink-sql)                  Flush duration {"average": "0.23s", "last X average": "0.13s"}
2026-09-13T17:31:14.730+0530 INFO (sink-sql) -----------------------------------
2026-09-13T17:31:16.657+0530 INFO (sink-sql) substreams stream stats {"data_msg_rate": "8.433 msg/s (3755 total)", "undo_msg_rate": "0.000 msg/s (0 total)", "avg_block_wait_time_sec": 0.012391375, "avg_block_time_delta_sec": 11.046875, "avg_local_block_processing_time_sec": 0.00009543, "last_block": "#51037052 (819db7fd7569dd6374c9bcbecb534d9686dd9971b895f53ab190880e0afd4ee6)", "progress_block_rate": "0.000 block/s (27505 total)", "progress_last_block": {"stage 2":51038750}, "progress_running_jobs": {"stage 0":0,"stage 1":0,"stage 2":5}, "progress_total_processed_blocks": 27505, "is_live": false}
2026-09-13T17:31:31.656+0530 INFO (sink-sql) substreams stream stats {"data_msg_rate": "8.667 msg/s (3881 total)", "undo_msg_rate": "0.000 msg/s (0 total)", "avg_block_wait_time_sec": 0.003635264, "avg_block_time_delta_sec": 11.222222222, "avg_local_block_processing_time_sec": 0.00000393, "last_block": "#51037802 (8e0a2c027fc672bcbea68d9c2043f38f3b493f9605d2a46019636133a372868f)", "progress_block_rate": "0.000 block/s (27505 total)", "progress_last_block": {"stage 2":51038750}, "progress_running_jobs": {"stage 0":0,"stage 1":0,"stage 2":5}, "progress_total_processed_blocks": 27505, "is_live": false}
2026-09-13T17:31:44.734+0530 INFO (sink-sql) -----------------------------------
2026-09-13T17:31:44.754+0530 INFO (sink-sql) Stats {"block_count": 3992, "Processing Time": "10m 27.51s", "Total Wait Duration": "0.67s", "Total Duration": "10m 28.18s", "Last Block Process At": "2026-09-13T17:31:44.655+0530"}
2026-09-13T17:31:44.757+0530 INFO (sink-sql)    Wait Duration Between Blocks {"average": "0.17ms", "last X average": "0.42ms"}
2026-09-13T17:31:44.758+0530 INFO (sink-sql)       Block Processing Duration {"average": "0.16s", "last X average": "0.12s"}
2026-09-13T17:31:44.758+0530 INFO (sink-sql)          Unmarshalling Duration {"average": "0.05ms", "last X average": "0.10ms"}
2026-09-13T17:31:44.758+0530 INFO (sink-sql)           Block Insert Duration {"average": "0.02ms", "last X average": "0.05ms"}
2026-09-13T17:31:44.758+0530 INFO (sink-sql)        Entities Insert Duration {"average": "0.05ms", "last X average": "0.10ms"}
2026-09-13T17:31:44.758+0530 INFO (sink-sql)                  Flush duration {"average": "0.22s", "last X average": "0.12s"}
2026-09-13T17:31:44.758+0530 INFO (sink-sql) -----------------------------------
2026-09-13T17:31:46.656+0530 INFO (sink-sql) substreams stream stats {"data_msg_rate": "8.100 msg/s (3998 total)", "undo_msg_rate": "0.000 msg/s (0 total)", "avg_block_wait_time_sec": 0.006288055, "avg_block_time_delta_sec": 11.758333333, "avg_local_block_processing_time_sec": 0.000003958, "last_block": "#51038463 (4a44619867a3575c2e9051f793f02a22f245b42284152e6700aaefc717bd56c6)", "progress_block_rate": "0.000 block/s (27505 total)", "progress_last_block": {"stage 2":51038750}, "progress_running_jobs": {"stage 0":0,"stage 1":0,"stage 2":5}, "progress_total_processed_blocks": 27505, "is_live": false}
2026-09-13T17:32:01.656+0530 INFO (sink-sql) substreams stream stats {"data_msg_rate": "7.767 msg/s (4114 total)", "undo_msg_rate": "0.000 msg/s (0 total)", "avg_block_wait_time_sec": 0.027880333, "avg_block_time_delta_sec": 11.412765957, "avg_local_block_processing_time_sec": 0.000222944, "last_block": "#51039143 (155b41508fc6fbc1dacb2d61cd69175b0bdbffc527c2bc337756a098df83170c)", "progress_block_rate": "127.700 block/s (31336 total)", "progress_last_block": {"stage 2":51043000}, "progress_running_jobs": {"stage 0":0,"stage 1":0,"stage 2":5}, "progress_total_processed_blocks": 31336, "is_live": false}
2026-09-13T17:32:14.759+0530 INFO (sink-sql) -----------------------------------
2026-09-13T17:32:14.759+0530 INFO (sink-sql) Stats {"block_count": 4224, "Processing Time": "10m 57.3s", "Total Wait Duration": "0.76s", "Total Duration": "10m 58.06s", "Last Block Process At": "2026-09-13T17:32:14.526+0530"}
2026-09-13T17:32:14.761+0530 INFO (sink-sql)    Wait Duration Between Blocks {"average": "0.18ms", "last X average": "0.49ms"}
2026-09-13T17:32:14.761+0530 INFO (sink-sql)       Block Processing Duration {"average": "0.16s", "last X average": "0.12s"}
2026-09-13T17:32:14.761+0530 INFO (sink-sql)          Unmarshalling Duration {"average": "0.05ms", "last X average": "0.10ms"}
2026-09-13T17:32:14.761+0530 INFO (sink-sql)           Block Insert Duration {"average": "0.02ms", "last X average": "0.05ms"}
2026-09-13T17:32:14.761+0530 INFO (sink-sql)        Entities Insert Duration {"average": "0.05ms", "last X average": "0.11ms"}
2026-09-13T17:32:14.761+0530 INFO (sink-sql)                  Flush duration {"average": "0.23s", "last X average": "0.15s"}
2026-09-13T17:32:14.761+0530 INFO (sink-sql) -----------------------------------
2026-09-13T17:32:16.656+0530 INFO (sink-sql) substreams stream stats {"data_msg_rate": "7.867 msg/s (4234 total)", "undo_msg_rate": "0.000 msg/s (0 total)", "avg_block_wait_time_sec": 0.024146903, "avg_block_time_delta_sec": 12, "avg_local_block_processing_time_sec": 0.000221806, "last_block": "#51039887 (6804ab7d0c6575465b58e9f8a4ea171b81ee5aa499467b7cf73372afb0ac4e39)", "progress_block_rate": "127.700 block/s (31336 total)", "progress_last_block": {"stage 2":51043000}, "progress_running_jobs": {"stage 0":0,"stage 1":0,"stage 2":5}, "progress_total_processed_blocks": 31336, "is_live": false}
2026-09-13T17:32:31.655+0530 INFO (sink-sql) substreams stream stats {"data_msg_rate": "8.067 msg/s (4356 total)", "undo_msg_rate": "0.000 msg/s (0 total)", "avg_block_wait_time_sec": 0.00372593, "avg_block_time_delta_sec": 12.506329113, "avg_local_block_processing_time_sec": 0.000001139, "last_block": "#51040625 (f6b780d9fcc9dcb27a4c2d098a57d0b09b0bcf99a37a40c690d71b023869b34d)", "progress_block_rate": "0.000 block/s (31336 total)", "progress_last_block": {"stage 2":51043000}, "progress_running_jobs": {"stage 0":0,"stage 1":0,"stage 2":5}, "progress_total_processed_blocks": 31336, "is_live": false}
2026-09-13T17:32:44.763+0530 INFO (sink-sql) -----------------------------------
2026-09-13T17:32:44.763+0530 INFO (sink-sql) Stats {"block_count": 4449, "Processing Time": "11m 26.67s", "Total Wait Duration": "0.78s", "Total Duration": "11m 27.45s", "Last Block Process At": "2026-09-13T17:32:43.923+0530"}
2026-09-13T17:32:44.770+0530 INFO (sink-sql)    Wait Duration Between Blocks {"average": "0.18ms", "last X average": "0.31ms"}
2026-09-13T17:32:44.770+0530 INFO (sink-sql)       Block Processing Duration {"average": "0.15s", "last X average": "0.12s"}
2026-09-13T17:32:44.770+0530 INFO (sink-sql)          Unmarshalling Duration {"average": "0.05ms", "last X average": "0.08ms"}
2026-09-13T17:32:44.770+0530 INFO (sink-sql)           Block Insert Duration {"average": "0.02ms", "last X average": "0.05ms"}
2026-09-13T17:32:44.770+0530 INFO (sink-sql)        Entities Insert Duration {"average": "0.05ms", "last X average": "0.11ms"}
2026-09-13T17:32:44.770+0530 INFO (sink-sql)                  Flush duration {"average": "0.23s", "last X average": "0.17s"}
2026-09-13T17:32:44.770+0530 INFO (sink-sql) -----------------------------------
2026-09-13T17:32:46.656+0530 INFO (sink-sql) substreams stream stats {"data_msg_rate": "7.500 msg/s (4459 total)", "undo_msg_rate": "0.000 msg/s (0 total)", "avg_block_wait_time_sec": 0.004703847, "avg_block_time_delta_sec": 11.330357142, "avg_local_block_processing_time_sec": 0.000003541, "last_block": "#51041183 (d7f042d82f5b61314fac3e68948a39e5f127ad023ae887fa9d5b1e182663ab10)", "progress_block_rate": "0.000 block/s (31336 total)", "progress_last_block": {"stage 2":51043000}, "progress_running_jobs": {"stage 0":0,"stage 1":0,"stage 2":5}, "progress_total_processed_blocks": 31336, "is_live": false}
2026-09-13T17:33:01.656+0530 INFO (sink-sql) substreams stream stats {"data_msg_rate": "7.067 msg/s (4568 total)", "undo_msg_rate": "0.000 msg/s (0 total)", "avg_block_wait_time_sec": 0.002119139, "avg_block_time_delta_sec": 10.380487804, "avg_local_block_processing_time_sec": 0.000004791, "last_block": "#51041719 (450aa38282b003ac3510defe10f3ea259caf719de8793148abcdca539aad9944)", "progress_block_rate": "0.000 block/s (31336 total)", "progress_last_block": {"stage 2":51043000}, "progress_running_jobs": {"stage 0":0,"stage 1":0,"stage 2":5}, "progress_total_processed_blocks": 31336, "is_live": false}
2026-09-13T17:33:14.774+0530 INFO (sink-sql) -----------------------------------
2026-09-13T17:33:14.775+0530 INFO (sink-sql) Stats {"block_count": 4665, "Processing Time": "11m 57.38s", "Total Wait Duration": "0.79s", "Total Duration": "11m 58.17s", "Last Block Process At": "2026-09-13T17:33:14.641+0530"}
2026-09-13T17:33:14.777+0530 INFO (sink-sql)    Wait Duration Between Blocks {"average": "0.17ms", "last X average": "0.20ms"}
2026-09-13T17:33:14.777+0530 INFO (sink-sql)       Block Processing Duration {"average": "0.15s", "last X average": "0.13s"}
2026-09-13T17:33:14.777+0530 INFO (sink-sql)          Unmarshalling Duration {"average": "0.05ms", "last X average": "0.07ms"}
2026-09-13T17:33:14.777+0530 INFO (sink-sql)           Block Insert Duration {"average": "0.02ms", "last X average": "0.02ms"}
2026-09-13T17:33:14.777+0530 INFO (sink-sql)        Entities Insert Duration {"average": "0.05ms", "last X average": "0.10ms"}
2026-09-13T17:33:14.777+0530 INFO (sink-sql)                  Flush duration {"average": "0.23s", "last X average": "0.15s"}
2026-09-13T17:33:14.778+0530 INFO (sink-sql) -----------------------------------
2026-09-13T17:33:16.656+0530 INFO (sink-sql) substreams stream stats {"data_msg_rate": "6.967 msg/s (4668 total)", "undo_msg_rate": "0.000 msg/s (0 total)", "avg_block_wait_time_sec": 0.002054514, "avg_block_time_delta_sec": 12.113744075, "avg_local_block_processing_time_sec": 0.000002139, "last_block": "#51042394 (e77a7cdae3c6af56f206aac9b0c746fe7dc4d0edd394a62f788bc4352511c892)", "progress_block_rate": "0.000 block/s (31336 total)", "progress_last_block": {"stage 2":51043000}, "progress_running_jobs": {"stage 0":0,"stage 1":0,"stage 2":5}, "progress_total_processed_blocks": 31336, "is_live": false}
2026-09-13T17:33:31.656+0530 INFO (sink-sql) substreams stream stats {"data_msg_rate": "7.400 msg/s (4790 total)", "undo_msg_rate": "0.000 msg/s (0 total)", "avg_block_wait_time_sec": 0.004144722, "avg_block_time_delta_sec": 12.304932735, "avg_local_block_processing_time_sec": 0.000000486, "last_block": "#51043117 (033f39f43e63e81e8b2ebf2581f2d061f3052d9d6725db04a89979b3c1ca1a73)", "progress_block_rate": "136.467 block/s (35430 total)", "progress_last_block": {"stage 2":51047000}, "progress_running_jobs": {"stage 0":0,"stage 1":0,"stage 2":5}, "progress_total_processed_blocks": 35430, "is_live": false}
2026-09-13T17:33:44.778+0530 INFO (sink-sql) -----------------------------------
2026-09-13T17:33:44.779+0530 INFO (sink-sql) Stats {"block_count": 4927, "Processing Time": "12m 27.47s", "Total Wait Duration": "0.82s", "Total Duration": "12m 28.3s", "Last Block Process At": "2026-09-13T17:33:44.765+0530"}
2026-09-13T17:33:44.779+0530 INFO (sink-sql)    Wait Duration Between Blocks {"average": "0.17ms", "last X average": "0.19ms"}
2026-09-13T17:33:44.779+0530 INFO (sink-sql)       Block Processing Duration {"average": "0.15s", "last X average": "0.13s"}
2026-09-13T17:33:44.779+0530 INFO (sink-sql)          Unmarshalling Duration {"average": "0.05ms", "last X average": "0.06ms"}
2026-09-13T17:33:44.779+0530 INFO (sink-sql)           Block Insert Duration {"average": "0.01ms", "last X average": "0.02ms"}
2026-09-13T17:33:44.779+0530 INFO (sink-sql)        Entities Insert Duration {"average": "0.05ms", "last X average": "0.10ms"}
2026-09-13T17:33:44.779+0530 INFO (sink-sql)                  Flush duration {"average": "0.23s", "last X average": "0.11s"}
2026-09-13T17:33:44.779+0530 INFO (sink-sql) -----------------------------------
2026-09-13T17:33:46.655+0530 INFO (sink-sql) substreams stream stats {"data_msg_rate": "8.833 msg/s (4933 total)", "undo_msg_rate": "0.000 msg/s (0 total)", "avg_block_wait_time_sec": 0.004301653, "avg_block_time_delta_sec": 10.649635036, "avg_local_block_processing_time_sec": 0.000000458, "last_block": "#51043880 (994cea340cdb78050b764b23792fef80c35ea637b9372ad321e628ade1909b9c)", "progress_block_rate": "136.467 block/s (35430 total)", "progress_last_block": {"stage 2":51047000}, "progress_running_jobs": {"stage 0":0,"stage 1":0,"stage 2":5}, "progress_total_processed_blocks": 35430, "is_live": false}
2026-09-13T17:34:01.655+0530 INFO (sink-sql) substreams stream stats {"data_msg_rate": "9.667 msg/s (5080 total)", "undo_msg_rate": "0.000 msg/s (0 total)", "avg_block_wait_time_sec": 0.00277593, "avg_block_time_delta_sec": 10.754448398, "avg_local_block_processing_time_sec": 0.000001958, "last_block": "#51044658 (aa92e2c286247c178ea7c5fdb329da18c9115dff1c5132a957785cb91bfcd458)", "progress_block_rate": "37.633 block/s (36559 total)", "progress_last_block": {"stage 2":51048000}, "progress_running_jobs": {"stage 0":0,"stage 1":0,"stage 2":5}, "progress_total_processed_blocks": 36559, "is_live": false}
2026-09-13T17:34:14.781+0530 INFO (sink-sql) -----------------------------------
2026-09-13T17:34:14.781+0530 INFO (sink-sql) Stats {"block_count": 5192, "Processing Time": "12m 57.37s", "Total Wait Duration": "0.86s", "Total Duration": "12m 58.22s", "Last Block Process At": "2026-09-13T17:34:14.692+0530"}
2026-09-13T17:34:14.781+0530 INFO (sink-sql)    Wait Duration Between Blocks {"average": "0.16ms", "last X average": "0.10ms"}
2026-09-13T17:34:14.781+0530 INFO (sink-sql)       Block Processing Duration {"average": "0.15s", "last X average": "0.12s"}
2026-09-13T17:34:14.781+0530 INFO (sink-sql)          Unmarshalling Duration {"average": "0.05ms", "last X average": "0.04ms"}
2026-09-13T17:34:14.781+0530 INFO (sink-sql)           Block Insert Duration {"average": "0.01ms", "last X average": "0.01ms"}
2026-09-13T17:34:14.782+0530 INFO (sink-sql)        Entities Insert Duration {"average": "0.05ms", "last X average": "0.04ms"}
2026-09-13T17:34:14.782+0530 INFO (sink-sql)                  Flush duration {"average": "0.23s", "last X average": "0.14s"}
2026-09-13T17:34:14.782+0530 INFO (sink-sql) -----------------------------------
2026-09-13T17:34:16.656+0530 INFO (sink-sql) substreams stream stats {"data_msg_rate": "8.767 msg/s (5196 total)", "undo_msg_rate": "0.000 msg/s (0 total)", "avg_block_wait_time_sec": 0.005681968, "avg_block_time_delta_sec": 10.962686567, "avg_local_block_processing_time_sec": 0.00000193, "last_block": "#51045349 (a2f38848ede7d1b58261822626e4a8825c97582fcd26f4446c4237fee85b4a5f)", "progress_block_rate": "37.633 block/s (36559 total)", "progress_last_block": {"stage 2":51048000}, "progress_running_jobs": {"stage 0":0,"stage 1":0,"stage 2":5}, "progress_total_processed_blocks": 36559, "is_live": false}
2026-09-13T17:34:31.656+0530 INFO (sink-sql) substreams stream stats {"data_msg_rate": "8.833 msg/s (5345 total)", "undo_msg_rate": "0.000 msg/s (0 total)", "avg_block_wait_time_sec": 0.006973125, "avg_block_time_delta_sec": 10.760456272999999, "avg_local_block_processing_time_sec": 0.000000347, "last_block": "#51046101 (363f47daf54eb684d1d13b5a6ac590f1f814292150feadcea4846af729ae99e3)", "progress_block_rate": "0.000 block/s (36559 total)", "progress_last_block": {"stage 2":51048000}, "progress_running_jobs": {"stage 0":0,"stage 1":0,"stage 2":5}, "progress_total_processed_blocks": 36559, "is_live": false}
2026-09-13T17:34:44.783+0530 INFO (sink-sql) -----------------------------------
2026-09-13T17:34:44.784+0530 INFO (sink-sql) Stats {"block_count": 5447, "Processing Time": "13m 27.08s", "Total Wait Duration": "0.87s", "Total Duration": "13m 27.95s", "Last Block Process At": "2026-09-13T17:34:44.422+0530"}
2026-09-13T17:34:44.784+0530 INFO (sink-sql)    Wait Duration Between Blocks {"average": "0.16ms", "last X average": "0.09ms"}
2026-09-13T17:34:44.784+0530 INFO (sink-sql)       Block Processing Duration {"average": "0.15s", "last X average": "0.12s"}
2026-09-13T17:34:44.784+0530 INFO (sink-sql)          Unmarshalling Duration {"average": "0.05ms", "last X average": "0.04ms"}
2026-09-13T17:34:44.784+0530 INFO (sink-sql)           Block Insert Duration {"average": "0.01ms", "last X average": "0.01ms"}
2026-09-13T17:34:44.784+0530 INFO (sink-sql)        Entities Insert Duration {"average": "0.05ms", "last X average": "0.04ms"}
2026-09-13T17:34:44.784+0530 INFO (sink-sql)                  Flush duration {"average": "0.23s", "last X average": "0.13s"}
2026-09-13T17:34:44.784+0530 INFO (sink-sql) -----------------------------------
2026-09-13T17:34:46.655+0530 INFO (sink-sql) substreams stream stats {"data_msg_rate": "8.800 msg/s (5460 total)", "undo_msg_rate": "0.000 msg/s (0 total)", "avg_block_wait_time_sec": 0.002420375, "avg_block_time_delta_sec": 12.008032128, "avg_local_block_processing_time_sec": 0.000000347, "last_block": "#51046844 (16b97aca6548fc8fb80cf1980f08b57429f013329e2f181e4042fd12f7b18402)", "progress_block_rate": "0.000 block/s (36559 total)", "progress_last_block": {"stage 2":51048000}, "progress_running_jobs": {"stage 0":0,"stage 1":0,"stage 2":5}, "progress_total_processed_blocks": 36559, "is_live": false}
2026-09-13T17:35:01.656+0530 INFO (sink-sql) substreams stream stats {"data_msg_rate": "8.567 msg/s (5602 total)", "undo_msg_rate": "0.000 msg/s (0 total)", "avg_block_wait_time_sec": 0.000594208, "avg_block_time_delta_sec": 12.434782608, "avg_local_block_processing_time_sec": 0.000000264, "last_block": "#51047674 (ca112826f3901c1896cb428a39bb9f46fd821801c22c68317e2b56daf568b84f)", "progress_block_rate": "0.000 block/s (36559 total)", "progress_last_block": {"stage 2":51048000}, "progress_running_jobs": {"stage 0":0,"stage 1":0,"stage 2":5}, "progress_total_processed_blocks": 36559, "is_live": false}
2026-09-13T17:35:14.786+0530 INFO (sink-sql) -----------------------------------
2026-09-13T17:35:14.787+0530 INFO (sink-sql) Stats {"block_count": 5732, "Processing Time": "13m 57.32s", "Total Wait Duration": "0.88s", "Total Duration": "13m 58.2s", "Last Block Process At": "2026-09-13T17:35:14.664+0530"}
2026-09-13T17:35:14.787+0530 INFO (sink-sql)    Wait Duration Between Blocks {"average": "0.15ms", "last X average": "0.07ms"}
2026-09-13T17:35:14.787+0530 INFO (sink-sql)       Block Processing Duration {"average": "0.15s", "last X average": "0.11s"}
2026-09-13T17:35:14.787+0530 INFO (sink-sql)          Unmarshalling Duration {"average": "0.05ms", "last X average": "0.03ms"}
2026-09-13T17:35:14.787+0530 INFO (sink-sql)           Block Insert Duration {"average": "0.01ms", "last X average": "0.01ms"}
2026-09-13T17:35:14.787+0530 INFO (sink-sql)        Entities Insert Duration {"average": "0.05ms", "last X average": "0.04ms"}
2026-09-13T17:35:14.787+0530 INFO (sink-sql)                  Flush duration {"average": "0.22s", "last X average": "0.12s"}
2026-09-13T17:35:14.787+0530 INFO (sink-sql) -----------------------------------
2026-09-13T17:35:16.656+0530 INFO (sink-sql) substreams stream stats {"data_msg_rate": "9.233 msg/s (5737 total)", "undo_msg_rate": "0.000 msg/s (0 total)", "avg_block_wait_time_sec": 0.000615823, "avg_block_time_delta_sec": 11.231316725, "avg_local_block_processing_time_sec": 0.000000291, "last_block": "#51048449 (5070b7627cb8f37566269d91108633ffa688a8c50da1be26bcb656742553acb2)", "progress_block_rate": "0.000 block/s (36559 total)", "progress_last_block": {"stage 2":51048000}, "progress_running_jobs": {"stage 0":0,"stage 1":0,"stage 2":5}, "progress_total_processed_blocks": 36559, "is_live": false}
2026-09-13T17:35:31.655+0530 INFO (sink-sql) substreams stream stats {"data_msg_rate": "8.833 msg/s (5867 total)", "undo_msg_rate": "0.000 msg/s (0 total)", "avg_block_wait_time_sec": 0.000494229, "avg_block_time_delta_sec": 11.152671755, "avg_local_block_processing_time_sec": 0.000000719, "last_block": "#51049161 (8c711be47191f6dea4096bfc22af24f630747a31cc4939b22387b98c3d954a01)", "progress_block_rate": "289.467 block/s (45243 total)", "progress_last_block": {"stage 2":51055000}, "progress_running_jobs": {"stage 0":0,"stage 1":0,"stage 2":5}, "progress_total_processed_blocks": 45243, "is_live": false}
2026-09-13T17:35:44.788+0530 INFO (sink-sql) -----------------------------------
2026-09-13T17:35:44.788+0530 INFO (sink-sql) Stats {"block_count": 6013, "Processing Time": "14m 27.16s", "Total Wait Duration": "0.89s", "Total Duration": "14m 28.05s", "Last Block Process At": "2026-09-13T17:35:44.515+0530"}
2026-09-13T17:35:44.788+0530 INFO (sink-sql)    Wait Duration Between Blocks {"average": "0.15ms", "last X average": "0.06ms"}
2026-09-13T17:35:44.788+0530 INFO (sink-sql)       Block Processing Duration {"average": "0.14s", "last X average": "0.11s"}
2026-09-13T17:35:44.788+0530 INFO (sink-sql)          Unmarshalling Duration {"average": "0.05ms", "last X average": "0.03ms"}
2026-09-13T17:35:44.788+0530 INFO (sink-sql)           Block Insert Duration {"average": "0.01ms", "last X average": "0.00ms"}
2026-09-13T17:35:44.788+0530 INFO (sink-sql)        Entities Insert Duration {"average": "0.05ms", "last X average": "0.03ms"}
2026-09-13T17:35:44.788+0530 INFO (sink-sql)                  Flush duration {"average": "0.22s", "last X average": "0.15s"}
2026-09-13T17:35:44.788+0530 INFO (sink-sql) -----------------------------------
2026-09-13T17:35:46.655+0530 INFO (sink-sql) substreams stream stats {"data_msg_rate": "9.467 msg/s (6021 total)", "undo_msg_rate": "0.000 msg/s (0 total)", "avg_block_wait_time_sec": 0.000498948, "avg_block_time_delta_sec": 10.562043795, "avg_local_block_processing_time_sec": 0.000000903, "last_block": "#51049896 (24d0e53be6ed17341b65c576293c3445ba1fae0e76ea6a11cb2a024832a91c53)", "progress_block_rate": "289.467 block/s (45243 total)", "progress_last_block": {"stage 2":51055000}, "progress_running_jobs": {"stage 0":0,"stage 1":0,"stage 2":5}, "progress_total_processed_blocks": 45243, "is_live": false}
2026-09-13T17:36:01.656+0530 INFO (sink-sql) substreams stream stats {"data_msg_rate": "9.000 msg/s (6137 total)", "undo_msg_rate": "0.000 msg/s (0 total)", "avg_block_wait_time_sec": 0.001017305, "avg_block_time_delta_sec": 11.075187969, "avg_local_block_processing_time_sec": 0.000000416, "last_block": "#51050663 (50c3271db32830deb4e05a139db2e943d26deac69188fedc58b17127c98c4e0f)", "progress_block_rate": "0.000 block/s (45243 total)", "progress_last_block": {"stage 2":51055000}, "progress_running_jobs": {"stage 0":0,"stage 1":0,"stage 2":5}, "progress_total_processed_blocks": 45243, "is_live": false}
2026-09-13T17:36:14.790+0530 INFO (sink-sql) -----------------------------------
2026-09-13T17:36:14.791+0530 INFO (sink-sql) Stats {"block_count": 6259, "Processing Time": "14m 57.32s", "Total Wait Duration": "0.9s", "Total Duration": "14m 58.22s", "Last Block Process At": "2026-09-13T17:36:14.692+0530"}
2026-09-13T17:36:14.792+0530 INFO (sink-sql)    Wait Duration Between Blocks {"average": "0.14ms", "last X average": "0.04ms"}
2026-09-13T17:36:14.792+0530 INFO (sink-sql)       Block Processing Duration {"average": "0.14s", "last X average": "0.11s"}
2026-09-13T17:36:14.792+0530 INFO (sink-sql)          Unmarshalling Duration {"average": "0.05ms", "last X average": "0.03ms"}
2026-09-13T17:36:14.792+0530 INFO (sink-sql)           Block Insert Duration {"average": "0.01ms", "last X average": "0.00ms"}
2026-09-13T17:36:14.792+0530 INFO (sink-sql)        Entities Insert Duration {"average": "0.05ms", "last X average": "0.03ms"}
2026-09-13T17:36:14.792+0530 INFO (sink-sql)                  Flush duration {"average": "0.21s", "last X average": "0.12s"}
2026-09-13T17:36:14.792+0530 INFO (sink-sql) -----------------------------------
2026-09-13T17:36:16.655+0530 INFO (sink-sql) substreams stream stats {"data_msg_rate": "8.133 msg/s (6265 total)", "undo_msg_rate": "0.000 msg/s (0 total)", "avg_block_wait_time_sec": 0.001283542, "avg_block_time_delta_sec": 12.048387096, "avg_local_block_processing_time_sec": 0.000000388, "last_block": "#51051418 (3e92078276a49a5a39219b2c661c749c7560a31e64cd13c037884d5ddd4acb64)", "progress_block_rate": "0.000 block/s (45243 total)", "progress_last_block": {"stage 2":51055000}, "progress_running_jobs": {"stage 0":0,"stage 1":0,"stage 2":5}, "progress_total_processed_blocks": 45243, "is_live": false}
2026-09-13T17:36:25.961+0530 INFO (sink-sql) received termination signal and no unready period delay configured, exiting now {"signal": "SIGTERM (terminated)"}
2026-09-13T17:36:25.964+0530 INFO (sink-sql) waiting for run termination
2026-09-13T17:36:25.964+0530 INFO (sink-sql) run terminated gracefully
2026-09-13T17:36:25.969+0530 INFO (sink-sql) sinker terminating
2026-09-13T17:36:25.978+0530 INFO (sink-sql) substreams stream stats {"data_msg_rate": "8.300 msg/s (6355 total)", "undo_msg_rate": "0.000 msg/s (0 total)", "avg_block_wait_time_sec": 0.000837083, "avg_block_time_delta_sec": 11.719844357, "avg_local_block_processing_time_sec": 0.000000333, "last_block": "#51051884 (6372c00d118d88c9227879533f7b8989aa5dd553255947d087d79d01f227b0de)", "progress_block_rate": "0.000 block/s (45243 total)", "progress_last_block": {"stage 2":51055000}, "progress_running_jobs": {"stage 0":0,"stage 1":0,"stage 2":5}, "progress_total_processed_blocks": 45243, "is_live": false}
