2026-09-10T18:47:33.695+0530 INFO (sink-sql) reading substreams manifest {"manifest_path": "packages/erc4626-flows/erc4626-flows-v0.1.0.spkg"}
2026-09-10T18:47:33.702+0530 INFO (sink-sql) finding output module {"module_name": "map_events"}
2026-09-10T18:47:33.702+0530 INFO (sink-sql) validating output module type {"module_name": "map_events", "module_type": "proto:vaultflows.v1.Events"}
2026-09-10T18:47:33.717+0530 INFO (sink-sql) reading substreams manifest {"manifest_path": "packages/erc4626-flows/erc4626-flows-v0.1.0.spkg"}
2026-09-10T18:47:33.720+0530 INFO (sink-sql) finding output module {"module_name": "map_events"}
2026-09-10T18:47:33.720+0530 INFO (sink-sql) validating output module type {"module_name": "map_events", "module_type": "proto:vaultflows.v1.Events"}
2026-09-10T18:47:33.722+0530 INFO (sink-sql) sinker from CLI {"endpoint": "base-mainnet.streamingfast.io:443", "manifest_path": "packages/erc4626-flows/erc4626-flows-v0.1.0.spkg", "params": [], "network": "base", "output_module_name": "map_events", "expected_module_type": "vaultflows.v1.Events", "start_block": 51092254, "stop_block": 51093002, "start_block_empty": false, "development_mode": false, "noop_mode": false, "max_retries": 3, "final_blocks_only": false, "skip_package_validation": false, "live_block_time_delta": "0s", "undo_buffer_size": 0, "extra_headers": []}
2026-09-10T18:47:34.224+0530 INFO (sink-sql) sinker configured {"mode": "Production", "module_count": 7, "output_module_name": "map_events", "output_module_type": "proto:vaultflows.v1.Events", "output_module_hash": "8e4892cfaf2785fe3ff76ba7c7691c8bd8db811a", "client_config": "base-mainnet.streamingfast.io:443 (insecure: false, plaintext: false, JWT present: true)", "buffer": "None", "start_block": 51092254, "stop_block": 51093002, "max_retries": 3, "final_blocks_only": false, "liveness_checker": true}
2026-09-10T18:47:34.224+0530 INFO (sink-sql) creating schema {"name": "vaultflows", "root_message_descriptor": "Events", "with_proto_option": true}
2026-09-10T18:47:34.224+0530 INFO (sink-sql) initializing schema {"name": "vaultflows", "root_message_descriptor": "Events"}
2026-09-10T18:47:34.227+0530 WARN (sink-sql) schema hash file does not exist {"file_path": "vaultflows_schema_hash.txt"}
2026-09-10T18:47:34.228+0530 INFO (sink-sql) sink info read {"sink_info": null}
2026-09-10T18:47:34.242+0530 INFO (sink-sql) creating database {"schema_name": "vaultflows"}
2026-09-10T18:47:34.250+0530 INFO (sink-sql) database created {"schema_name": "vaultflows"}
2026-09-10T18:47:34.287+0530 INFO (sink-sql) block table created {"schema_name": "vaultflows"}
2026-09-10T18:47:34.300+0530 INFO (sink-sql) table created {"table_name": "CREATE TABLE IF NOT EXISTS vaultflows.vault_flows ( _block_number_ UInt64 NOT NULL, _block_timestamp_ timestamp NOT NULL, _version_ Int64 NOT NULL, _deleted_ bool NOT NULL,id VARCHAR,chain_id UInt32,block_number UInt64,block_hash VARCHAR,block_timestamp UInt64,tx_hash VARCHAR,log_index UInt32,vault VARCHAR,caller VARCHAR,owner VARCHAR,receiver VARCHAR,direction VARCHAR,assets_raw UInt256,shares_raw UInt256,assets_normalized Decimal128(18),shares_normalized Decimal128(18),asset_decimals UInt32,share_decimals UInt32,execution_rate Decimal128(18),meta_valid Bool,call_ok Bool,call_error VARCHAR ) ENGINE = ReplacingMergeTree(_version_, _deleted_) PRIMARY KEY (id) PARTITION BY (toYYYYMM(_block_timestamp_)) ORDER BY (id, vault, block_number) SETTINGS\n allow_experimental_replacing_merge_with_cleanup = 1;", "schema_name": "vaultflows"}
2026-09-10T18:47:34.304+0530 INFO (sink-sql) table created {"table_name": "CREATE TABLE IF NOT EXISTS vaultflows.share_value_observations ( _block_number_ UInt64 NOT NULL, _block_timestamp_ timestamp NOT NULL, _version_ Int64 NOT NULL, _deleted_ bool NOT NULL,id VARCHAR,chain_id UInt32,block_number UInt64,block_hash VARCHAR,block_timestamp UInt64,vault VARCHAR,sample_interval_blocks UInt32,assets_per_share_raw UInt256,assets_per_share_normalized Decimal128(18),total_assets_raw UInt256,total_supply_raw UInt256,call_ok Bool,call_error VARCHAR ) ENGINE = ReplacingMergeTree(_version_, _deleted_) PRIMARY KEY (id) PARTITION BY (toYYYYMM(_block_timestamp_)) ORDER BY (id, vault, block_number) SETTINGS\n allow_experimental_replacing_merge_with_cleanup = 1;", "schema_name": "vaultflows"}
2026-09-10T18:47:34.310+0530 INFO (sink-sql) table created {"table_name": "CREATE TABLE IF NOT EXISTS vaultflows.vaults ( _block_number_ UInt64 NOT NULL, _block_timestamp_ timestamp NOT NULL, _version_ Int64 NOT NULL, _deleted_ bool NOT NULL,id VARCHAR,chain_id UInt32,vault VARCHAR,first_seen_block UInt64,asset VARCHAR,asset_decimals UInt32,share_decimals UInt32,name VARCHAR,symbol VARCHAR,compliant Bool,in_configured_list Bool,call_ok Bool,call_error VARCHAR ) ENGINE = ReplacingMergeTree(_version_, _deleted_) PRIMARY KEY (id) PARTITION BY (toYYYYMM(_block_timestamp_)) ORDER BY (id) SETTINGS\n allow_experimental_replacing_merge_with_cleanup = 1;", "schema_name": "vaultflows"}
2026-09-10T18:47:34.316+0530 INFO (sink-sql) table created {"table_name": "CREATE TABLE IF NOT EXISTS vaultflows.share_transfers ( _block_number_ UInt64 NOT NULL, _block_timestamp_ timestamp NOT NULL, _version_ Int64 NOT NULL, _deleted_ bool NOT NULL,id VARCHAR,chain_id UInt32,block_number UInt64,block_hash VARCHAR,block_timestamp UInt64,tx_hash VARCHAR,log_index UInt32,vault VARCHAR,from_owner VARCHAR,to_owner VARCHAR,shares_raw UInt256,shares_normalized Decimal128(18),share_decimals UInt32,meta_valid Bool ) ENGINE = ReplacingMergeTree(_version_, _deleted_) PRIMARY KEY (id) PARTITION BY (toYYYYMM(_block_timestamp_)) ORDER BY (id, vault, block_number) SETTINGS\n allow_experimental_replacing_merge_with_cleanup = 1;", "schema_name": "vaultflows"}
2026-09-10T18:47:34.319+0530 INFO (sink-sql) fetched cursor {"block": "None"}
2026-09-10T18:47:34.321+0530 INFO (sink-sql) starting sinker {"stats_refresh_each": "15s", "end_at": "#51093001"}
2026-09-10T18:47:34.323+0530 INFO (sink-sql) sending request {"start_block": "51092254", "stop_block": "51093002", "cursor": ""}
2026-09-10T18:47:34.561+0530 INFO (sink-sql) substreams using protocol version v4
2026-09-10T18:47:34.828+0530 ERRO (sink-sql) substreams encountered a retryable error {"error": "rpc error: code = Unavailable desc = error reading from server: remote error: tls: bad record MAC"}
2026-09-10T18:47:34.828+0530 INFO (sink-sql) sleeping before re-connecting {"sleep": "523.996043ms"}
2026-09-10T18:47:35.353+0530 INFO (sink-sql) sending request {"start_block": "51092254", "stop_block": "51093002", "cursor": ""}
2026-09-10T18:47:35.357+0530 INFO (sink-sql) substreams using protocol version v4
2026-09-10T18:47:36.323+0530 INFO (sink-sql) substreams stream stats {"data_msg_rate": "0.000 msg/s (0 total)", "undo_msg_rate": "0.000 msg/s (0 total)", "avg_block_wait_time_sec": 0, "avg_block_time_delta_sec": 0, "avg_local_block_processing_time_sec": 0, "last_block": "None"}
2026-09-10T18:47:36.421+0530 INFO (sink-sql) session initialized with remote endpoint {"max_parallel_workers": 5, "linear_handoff_block": 51094000, "resolved_start_block": 51092254, "trace_id": "32c176d210c3164d73c284e10ce325ce"}
2026-09-10T18:47:51.324+0530 INFO (sink-sql) substreams stream stats {"data_msg_rate": "1.882 msg/s (32 total)", "undo_msg_rate": "0.000 msg/s (0 total)", "avg_block_wait_time_sec": 0.139349309, "avg_block_time_delta_sec": 10.967741935, "avg_local_block_processing_time_sec": 0.000000536, "last_block": "#51092433 (d428eab98270f7a720f09898779c2267b1f492eabfa45afa827286dfa1a5bfa0)", "progress_block_rate": "0.000 block/s (0 total)", "progress_last_block": {"stage 0":51093104,"stage 2":51092411}, "progress_running_jobs": {"stage 0":1,"stage 1":0,"stage 2":1}, "progress_total_processed_blocks": 0, "is_live": false}
2026-09-10T18:48:04.318+0530 INFO (sink-sql) -----------------------------------
2026-09-10T18:48:04.318+0530 INFO (sink-sql) Stats {"block_count": 74, "Processing Time": "3.08s", "Total Wait Duration": "15.56s", "Total Duration": "18.64s", "Last Block Process At": "2026-09-10T18:48:03.896+0530"}
2026-09-10T18:48:04.318+0530 INFO (sink-sql)    Wait Duration Between Blocks {"average": "0.21s", "last X average": "0.21s"}
2026-09-10T18:48:04.318+0530 INFO (sink-sql)       Block Processing Duration {"average": "41.63ms", "last X average": "41.63ms"}
2026-09-10T18:48:04.318+0530 INFO (sink-sql)          Unmarshalling Duration {"average": "0.07ms", "last X average": "0.07ms"}
2026-09-10T18:48:04.318+0530 INFO (sink-sql)           Block Insert Duration {"average": "0.02ms", "last X average": "0.02ms"}
2026-09-10T18:48:04.318+0530 INFO (sink-sql)        Entities Insert Duration {"average": "0.05ms", "last X average": "0.05ms"}
2026-09-10T18:48:04.318+0530 INFO (sink-sql)                  Flush duration {"average": "58.47ms", "last X average": "35.03ms"}
2026-09-10T18:48:04.318+0530 INFO (sink-sql) -----------------------------------
2026-09-10T18:48:06.324+0530 INFO (sink-sql) substreams stream stats {"data_msg_rate": "2.667 msg/s (80 total)", "undo_msg_rate": "0.000 msg/s (0 total)", "avg_block_wait_time_sec": 0.168218128, "avg_block_time_delta_sec": 12.506329113, "avg_local_block_processing_time_sec": 0.000000597, "last_block": "#51092757 (c4cee1e8fbbd31a09f61104a6938ea6a32ec4cbe4fcad508b0b4a74d642ff5ea)", "progress_block_rate": "0.000 block/s (0 total)", "progress_last_block": {"stage 0":51093572,"stage 2":51092739}, "progress_running_jobs": {"stage 0":1,"stage 1":0,"stage 2":1}, "progress_total_processed_blocks": 0, "is_live": false}
2026-09-10T18:48:21.320+0530 INFO (sink-sql) substreams ended correctly, reached your stop block {"last_block_seen": "#51093000 (9c6e8b7f6f72707960744b44d390bad2ecdc7a96b16420338b6ce10777dc29bb)"}
2026-09-10T18:48:21.326+0530 INFO (sink-sql) sinker terminating
2026-09-10T18:48:21.326+0530 INFO (sink-sql) substreams stream stats {"data_msg_rate": "3.067 msg/s (128 total)", "undo_msg_rate": "0.000 msg/s (0 total)", "avg_block_wait_time_sec": 0.167458934, "avg_block_time_delta_sec": 11.8125, "avg_local_block_processing_time_sec": 0.00000061, "last_block": "#51093000 (9c6e8b7f6f72707960744b44d390bad2ecdc7a96b16420338b6ce10777dc29bb)", "progress_block_rate": "90.200 block/s (2706 total)", "progress_last_block": {"stage 0":51094000,"stage 2":51093465}, "progress_running_jobs": {"stage 0":0,"stage 1":0,"stage 2":0}, "progress_total_processed_blocks": 3713, "is_live": false}
2026-09-10T18:48:21.325+0530 INFO (sink-sql) substreams stream stats {"data_msg_rate": "3.067 msg/s (128 total)", "undo_msg_rate": "0.000 msg/s (0 total)", "avg_block_wait_time_sec": 0.167458934, "avg_block_time_delta_sec": 11.8125, "avg_local_block_processing_time_sec": 0.00000061, "last_block": "#51093000 (9c6e8b7f6f72707960744b44d390bad2ecdc7a96b16420338b6ce10777dc29bb)", "progress_block_rate": "90.200 block/s (2706 total)", "progress_last_block": {"stage 0":51094000,"stage 2":51093465}, "progress_running_jobs": {"stage 0":0,"stage 1":0,"stage 2":0}, "progress_total_processed_blocks": 3713, "is_live": false}
2026-09-10T18:48:21.346+0530 INFO (sink-sql) run terminating {"from_signal": false, "with_error": false}
2026-09-10T18:48:21.346+0530 INFO (sink-sql) waiting for run termination
2026-09-10T18:48:21.346+0530 INFO (sink-sql) run terminated gracefully
2026-09-10T18:48:21.346+0530 INFO (sink-sql) -----------------------------------
2026-09-10T18:48:21.352+0530 INFO (sink-sql) Stats {"block_count": 128, "Processing Time": "4.11s", "Total Wait Duration": "31.64s", "Total Duration": "35.75s", "Last Block Process At": "2026-09-10T18:48:21.005+0530"}
2026-09-10T18:48:21.353+0530 INFO (sink-sql)    Wait Duration Between Blocks {"average": "0.25s", "last X average": "0.25s"}
2026-09-10T18:48:21.353+0530 INFO (sink-sql)       Block Processing Duration {"average": "32.10ms", "last X average": "32.10ms"}
2026-09-10T18:48:21.353+0530 INFO (sink-sql)          Unmarshalling Duration {"average": "0.06ms", "last X average": "0.06ms"}
2026-09-10T18:48:21.353+0530 INFO (sink-sql)           Block Insert Duration {"average": "0.02ms", "last X average": "0.02ms"}
2026-09-10T18:48:21.353+0530 INFO (sink-sql)        Entities Insert Duration {"average": "0.04ms", "last X average": "0.04ms"}
2026-09-10T18:48:21.353+0530 INFO (sink-sql)                  Flush duration {"average": "42.13ms", "last X average": "17.61ms"}
2026-09-10T18:48:21.353+0530 INFO (sink-sql) -----------------------------------
