2026-09-10T18:32:54.726+0530 INFO (sink-sql) reading substreams manifest {"manifest_path": "packages/erc4626-flows/erc4626-flows-v0.1.0.spkg"}
2026-09-10T18:32:54.781+0530 INFO (sink-sql) finding output module {"module_name": "map_share_value_observations"}
2026-09-10T18:32:54.788+0530 INFO (sink-sql) validating output module type {"module_name": "map_share_value_observations", "module_type": "proto:vaultflows.v1.Events"}
2026-09-10T18:32:54.815+0530 INFO (sink-sql) reading substreams manifest {"manifest_path": "packages/erc4626-flows/erc4626-flows-v0.1.0.spkg"}
2026-09-10T18:32:54.823+0530 INFO (sink-sql) finding output module {"module_name": "map_share_value_observations"}
2026-09-10T18:32:54.824+0530 INFO (sink-sql) validating output module type {"module_name": "map_share_value_observations", "module_type": "proto:vaultflows.v1.Events"}
2026-09-10T18:32:54.825+0530 INFO (sink-sql) sinker from CLI {"endpoint": "base-mainnet.streamingfast.io:443", "manifest_path": "packages/erc4626-flows/erc4626-flows-v0.1.0.spkg", "params": [], "network": "base", "output_module_name": "map_share_value_observations", "expected_module_type": "vaultflows.v1.Events", "start_block": 51092998, "stop_block": 51093002, "start_block_empty": false, "development_mode": false, "noop_mode": false, "max_retries": 3, "final_blocks_only": false, "skip_package_validation": false, "live_block_time_delta": "0s", "undo_buffer_size": 0, "extra_headers": []}
2026-09-10T18:32:55.339+0530 INFO (sink-sql) sinker configured {"mode": "Production", "module_count": 7, "output_module_name": "map_share_value_observations", "output_module_type": "proto:vaultflows.v1.Events", "output_module_hash": "863003784d521d5336d2dfaaceefc7df8a730b2d", "client_config": "base-mainnet.streamingfast.io:443 (insecure: false, plaintext: false, JWT present: true)", "buffer": "None", "start_block": 51092998, "stop_block": 51093002, "max_retries": 3, "final_blocks_only": false, "liveness_checker": true}
2026-09-10T18:32:55.341+0530 INFO (sink-sql) creating schema {"name": "vaultflows", "root_message_descriptor": "Events", "with_proto_option": true}
2026-09-10T18:32:55.341+0530 INFO (sink-sql) initializing schema {"name": "vaultflows", "root_message_descriptor": "Events"}
2026-09-10T18:32:55.346+0530 INFO (sink-sql) sink info read {"sink_info": {"schema_hash":"f59519ab90647ce3"}}
2026-09-10T18:32:55.382+0530 INFO (sink-sql) undoing blocks {"table": "_block_", "last_valid_block_num": 51093000}
2026-09-10T18:32:55.448+0530 INFO (sink-sql) undo completed {"table": "_block_", "duration": "65.97ms"}
2026-09-10T18:32:55.448+0530 INFO (sink-sql) undoing blocks {"table": "vault_flows", "last_valid_block_num": 51093000}
2026-09-10T18:32:55.474+0530 INFO (sink-sql) undo completed {"table": "vault_flows", "duration": "26.20ms"}
2026-09-10T18:32:55.474+0530 INFO (sink-sql) undoing blocks {"table": "share_value_observations", "last_valid_block_num": 51093000}
2026-09-10T18:32:55.485+0530 INFO (sink-sql) undo completed {"table": "share_value_observations", "duration": "10.23ms"}
2026-09-10T18:32:55.485+0530 INFO (sink-sql) undoing blocks {"table": "vaults", "last_valid_block_num": 51093000}
2026-09-10T18:32:55.488+0530 INFO (sink-sql) undo completed {"table": "vaults", "duration": "3.23ms"}
2026-09-10T18:32:55.488+0530 INFO (sink-sql) undoing blocks {"table": "share_transfers", "last_valid_block_num": 51093000}
2026-09-10T18:32:55.493+0530 INFO (sink-sql) undo completed {"table": "share_transfers", "duration": "5.05ms"}
2026-09-10T18:32:55.493+0530 INFO (sink-sql) fetched cursor {"block": "#51093000 (9c6e8b7f6f72707960744b44d390bad2ecdc7a96b16420338b6ce10777dc29bb)"}
2026-09-10T18:32:55.493+0530 INFO (sink-sql) starting sinker {"stats_refresh_each": "15s", "restarting_at": "#51093000 (9c6e8b7f6f72707960744b44d390bad2ecdc7a96b16420338b6ce10777dc29bb)", "end_at": "#51093001", "cursor": "k-ukwW6zDuvtnVG9ONhWUaWwLpc_DF9uVQLmKhFBj4Kl9ifNj5rwBjdyahrQl6D23RLvTwio2ovOHX4po5RS6YK-kL815CdqR30okYnt-Ly9fqCnOAocdrw2DOiHMIrRXj3Xawn7erEK6Ybhb_uLYBQ0NMAkK2a0hjlQpYFQIqcV7XA8w26sJ82Hg6_F9tNI-bAkQuCjlSigD2d7fxpbPcuFYKbMvTVyNw=="}
2026-09-10T18:32:55.497+0530 INFO (sink-sql) sending request {"start_block": "51092998", "stop_block": "51093002", "cursor": "k-ukwW6zDuvtnVG9ONhWUaWwLpc_DF9uVQLmKhFBj4Kl9ifNj5rwBjdyahrQl6D23RLvTwio2ovOHX4po5RS6YK-kL815CdqR30okYnt-Ly9fqCnOAocdrw2DOiHMIrRXj3Xawn7erEK6Ybhb_uLYBQ0NMAkK2a0hjlQpYFQIqcV7XA8w26sJ82Hg6_F9tNI-bAkQuCjlSigD2d7fxpbPcuFYKbMvTVyNw=="}
2026-09-10T18:32:55.755+0530 INFO (sink-sql) substreams using protocol version v4
2026-09-10T18:32:56.176+0530 ERRO (sink-sql) substreams encountered a retryable error {"error": "rpc error: code = Unavailable desc = error reading from server: remote error: tls: bad record MAC"}
2026-09-10T18:32:56.176+0530 INFO (sink-sql) sleeping before re-connecting {"sleep": "540.91685ms"}
2026-09-10T18:32:56.721+0530 INFO (sink-sql) sending request {"start_block": "51092998", "stop_block": "51093002", "cursor": "k-ukwW6zDuvtnVG9ONhWUaWwLpc_DF9uVQLmKhFBj4Kl9ifNj5rwBjdyahrQl6D23RLvTwio2ovOHX4po5RS6YK-kL815CdqR30okYnt-Ly9fqCnOAocdrw2DOiHMIrRXj3Xawn7erEK6Ybhb_uLYBQ0NMAkK2a0hjlQpYFQIqcV7XA8w26sJ82Hg6_F9tNI-bAkQuCjlSigD2d7fxpbPcuFYKbMvTVyNw=="}
2026-09-10T18:32:56.733+0530 INFO (sink-sql) substreams using protocol version v4
2026-09-10T18:32:57.145+0530 ERRO (sink-sql) substreams encountered a retryable error {"error": "rpc error: code = Unavailable desc = error reading from server: remote error: tls: bad record MAC"}
2026-09-10T18:32:57.145+0530 INFO (sink-sql) sleeping before re-connecting {"sleep": "543.094914ms"}
2026-09-10T18:32:57.494+0530 INFO (sink-sql) substreams stream stats {"data_msg_rate": "0.000 msg/s (0 total)", "undo_msg_rate": "0.000 msg/s (0 total)", "avg_block_wait_time_sec": 0, "avg_block_time_delta_sec": 0, "avg_local_block_processing_time_sec": 0, "last_block": "None"}
2026-09-10T18:32:57.689+0530 INFO (sink-sql) sending request {"start_block": "51092998", "stop_block": "51093002", "cursor": "k-ukwW6zDuvtnVG9ONhWUaWwLpc_DF9uVQLmKhFBj4Kl9ifNj5rwBjdyahrQl6D23RLvTwio2ovOHX4po5RS6YK-kL815CdqR30okYnt-Ly9fqCnOAocdrw2DOiHMIrRXj3Xawn7erEK6Ybhb_uLYBQ0NMAkK2a0hjlQpYFQIqcV7XA8w26sJ82Hg6_F9tNI-bAkQuCjlSigD2d7fxpbPcuFYKbMvTVyNw=="}
2026-09-10T18:32:57.694+0530 INFO (sink-sql) substreams using protocol version v4
2026-09-10T18:32:58.066+0530 ERRO (sink-sql) substreams encountered a retryable error {"error": "rpc error: code = Unavailable desc = error reading from server: remote error: tls: bad record MAC"}
2026-09-10T18:32:58.066+0530 INFO (sink-sql) sleeping before re-connecting {"sleep": "986.667065ms"}
2026-09-10T18:32:59.054+0530 INFO (sink-sql) sending request {"start_block": "51092998", "stop_block": "51093002", "cursor": "k-ukwW6zDuvtnVG9ONhWUaWwLpc_DF9uVQLmKhFBj4Kl9ifNj5rwBjdyahrQl6D23RLvTwio2ovOHX4po5RS6YK-kL815CdqR30okYnt-Ly9fqCnOAocdrw2DOiHMIrRXj3Xawn7erEK6Ybhb_uLYBQ0NMAkK2a0hjlQpYFQIqcV7XA8w26sJ82Hg6_F9tNI-bAkQuCjlSigD2d7fxpbPcuFYKbMvTVyNw=="}
2026-09-10T18:32:59.062+0530 INFO (sink-sql) substreams using protocol version v4
2026-09-10T18:33:00.010+0530 INFO (sink-sql) session initialized with remote endpoint {"max_parallel_workers": 5, "linear_handoff_block": 51094000, "resolved_start_block": 51093001, "trace_id": "45e350c9089872cb69b24feeeb43bba0"}
2026-09-10T18:33:00.014+0530 INFO (sink-sql) substreams ended correctly, reached your stop block {"last_block_seen": "#51093000 (9c6e8b7f6f72707960744b44d390bad2ecdc7a96b16420338b6ce10777dc29bb)"}
2026-09-10T18:33:00.014+0530 INFO (sink-sql) sinker terminating
2026-09-10T18:33:00.014+0530 INFO (sink-sql) substreams stream stats {"data_msg_rate": "0.000 msg/s (0 total)", "undo_msg_rate": "0.000 msg/s (0 total)", "avg_block_wait_time_sec": 0, "avg_block_time_delta_sec": 0, "avg_local_block_processing_time_sec": 0, "last_block": "None"}
2026-09-10T18:33:00.015+0530 INFO (sink-sql) -----------------------------------
2026-09-10T18:33:00.015+0530 INFO (sink-sql) Stats: no blocks processed yet
2026-09-10T18:33:00.015+0530 INFO (sink-sql) -----------------------------------
2026-09-10T18:33:00.015+0530 INFO (sink-sql) run terminating {"from_signal": false, "with_error": false}
2026-09-10T18:33:00.015+0530 INFO (sink-sql) waiting for run termination
2026-09-10T18:33:00.015+0530 INFO (sink-sql) run terminated gracefully
